MPLINK 5.00, LINKER
Linker Map File - Created Mon Jun 21 23:37:09 2021

                                 Section Info
                  Section       Type    Address   Location Size(Bytes)
                ---------  ---------  ---------  ---------  ---------
               _entry_scn       code   0x000000    program   0x000006
       .code__user_putc.o       code   0x000006    program   0x000002
               HighVector       code   0x000008    program   0x000006
                   .cinit    romdata   0x00000e    program   0x000032
         .code_vfprintf.o       code   0x000040    program   0x000c22
    .code_coreFunctions.o       code   0x000c62    program   0x000868
             .code_MI2C.o       code   0x0014ca    program   0x000404
   .code_initialisation.o       code   0x0018ce    program   0x000320
                     PROG       code   0x001bee    program   0x000304
     .code_interruption.o       code   0x001ef2    program   0x0002e8
         .code_i2c_eerr.o       code   0x0021da    program   0x0000e4
             .stringtable    romdata   0x0022be    program   0x0000d0
               _cinit_scn       code   0x00238e    program   0x00009e
         .code_i2c_eebw.o       code   0x00242c    program   0x00009a
           .code_printf.o       code   0x0024c6    program   0x000098
             .code_main.o       code   0x00255e    program   0x000088
             .code_putc.o       code   0x0025e6    program   0x000084
         .code_i2c_eeap.o       code   0x00266a    program   0x000084
         .code_i2c_writ.o       code   0x0026ee    program   0x000072
          .code_fxm3232.o       code   0x002760    program   0x000070
                   STRING       code   0x0027d0    program   0x000066
         .code_fxd3232u.o       code   0x002836    program   0x000048
         .code_fxd1616u.o       code   0x00287e    program   0x00002c
                    CTYPE       code   0x0028aa    program   0x000024
                    .code       code   0x0028ce    program   0x000020
             _startup_scn       code   0x0028ee    program   0x00001c
                    STDIO       code   0x00290a    program   0x00001c
      .romdata_vfprintf.o    romdata   0x002926    program   0x000011
        .romdata_printf.o    romdata   0x002937    program   0x000000
        .idata_printf.o_i    romdata   0x002937    program   0x000000
        .romdata___init.o    romdata   0x002937    program   0x000000
        .idata___init.o_i    romdata   0x002937    program   0x000000
        .romdata_stdout.o    romdata   0x002937    program   0x000000
      .romdata_i2c_writ.o    romdata   0x002937    program   0x000000
      .idata_vfprintf.o_i    romdata   0x002937    program   0x000000
      .idata_fxd3232u.o_i    romdata   0x002937    program   0x000000
      .romdata_fxd3232u.o    romdata   0x002937    program   0x000000
       .idata_fxm3232.o_i    romdata   0x002937    program   0x000000
       .romdata_fxm3232.o    romdata   0x002937    program   0x000000
          .idata_putc.o_i    romdata   0x002937    program   0x000000
          .romdata_putc.o    romdata   0x002937    program   0x000000
    .idata__user_putc.o_i    romdata   0x002937    program   0x000000
    .romdata__user_putc.o    romdata   0x002937    program   0x000000
         .romdata_c018i.o    romdata   0x002937    program   0x000000
         .idata_c018i.o_i    romdata   0x002937    program   0x000000
.idata_initialisation.o_i    romdata   0x002937    program   0x000000
.romdata_initialisation.o    romdata   0x002937    program   0x000000
          .romdata_MI2C.o    romdata   0x002937    program   0x000000
  .romdata_interruption.o    romdata   0x002937    program   0x000000
          .idata_MI2C.o_i    romdata   0x002937    program   0x000000
          .romdata_main.o    romdata   0x002937    program   0x000000
 .romdata_coreFunctions.o    romdata   0x002937    program   0x000000
      .idata_i2c_eeap.o_i    romdata   0x002937    program   0x000000
      .romdata_i2c_eeap.o    romdata   0x002937    program   0x000000
      .idata_i2c_eebw.o_i    romdata   0x002937    program   0x000000
      .romdata_i2c_eebw.o    romdata   0x002937    program   0x000000
      .idata_i2c_writ.o_i    romdata   0x002937    program   0x000000
      .idata_i2c_eerr.o_i    romdata   0x002937    program   0x000000
      .romdata_i2c_idle.o    romdata   0x002937    program   0x000000
      .romdata_i2c_eerr.o    romdata   0x002937    program   0x000000
      .idata_fxd1616u.o_i    romdata   0x002937    program   0x000000
      .idata_i2c_idle.o_i    romdata   0x002937    program   0x000000
      .romdata_fxd1616u.o    romdata   0x002937    program   0x000000
         .code_i2c_idle.o       code   0x002938    program   0x00000e
            .code_c018i.o       code   0x002938    program   0x000000
           .code_stdout.o       code   0x002938    program   0x000000
           .code___init.o       code   0x002946    program   0x000002
        .idata_stdout.o_i    romdata   0x002948    program   0x000002
          .idata_main.o_i    romdata   0x00294a    program   0x000039
  .idata_interruption.o_i    romdata   0x002983    program   0x0000d2
 .idata_coreFunctions.o_i    romdata   0x002a55    program   0x000084
    .config_300001_main.o    romdata   0x300001    program   0x000001
    .config_300003_main.o    romdata   0x300003    program   0x000001
    .config_300005_main.o    romdata   0x300005    program   0x000001
    .config_300006_main.o    romdata   0x300006    program   0x000001
                MATH_DATA      udata   0x000000       data   0x000014
                 .tmpdata      udata   0x000014       data   0x000008
              HighISR_tmp      udata   0x00001c       data   0x000004
    .idata_interruption.o      idata   0x000100       data   0x0000d2
   .udata_coreFunctions.o      udata   0x0001d2       data   0x00002b
            .udata_main.o      udata   0x0001fd       data   0x000002
        .idata_i2c_idle.o      idata   0x0001ff       data   0x000000
        .udata_i2c_writ.o      udata   0x0001ff       data   0x000000
        .idata_i2c_writ.o      idata   0x0001ff       data   0x000000
          .udata___init.o      udata   0x0001ff       data   0x000000
          .idata___init.o      idata   0x0001ff       data   0x000000
          .udata_printf.o      udata   0x0001ff       data   0x000000
          .idata_printf.o      idata   0x0001ff       data   0x000000
          .udata_stdout.o      udata   0x0001ff       data   0x000000
        .udata_vfprintf.o      udata   0x0001ff       data   0x000000
        .idata_vfprintf.o      idata   0x0001ff       data   0x000000
        .udata_fxd3232u.o      udata   0x0001ff       data   0x000000
        .idata_fxd3232u.o      idata   0x0001ff       data   0x000000
         .udata_fxm3232.o      udata   0x0001ff       data   0x000000
         .idata_fxm3232.o      idata   0x0001ff       data   0x000000
            .udata_putc.o      udata   0x0001ff       data   0x000000
            .idata_putc.o      idata   0x0001ff       data   0x000000
      .udata__user_putc.o      udata   0x0001ff       data   0x000000
      .idata__user_putc.o      idata   0x0001ff       data   0x000000
            .udata_MI2C.o      udata   0x0001ff       data   0x000000
            .idata_MI2C.o      idata   0x0001ff       data   0x000000
  .udata_initialisation.o      udata   0x0001ff       data   0x000000
  .idata_initialisation.o      idata   0x0001ff       data   0x000000
    .udata_interruption.o      udata   0x0001ff       data   0x000000
           .idata_c018i.o      idata   0x0001ff       data   0x000000
        .udata_i2c_eeap.o      udata   0x0001ff       data   0x000000
        .idata_i2c_eeap.o      idata   0x0001ff       data   0x000000
        .udata_i2c_eebw.o      udata   0x0001ff       data   0x000000
        .idata_i2c_eebw.o      idata   0x0001ff       data   0x000000
        .udata_i2c_eerr.o      udata   0x0001ff       data   0x000000
        .idata_i2c_eerr.o      idata   0x0001ff       data   0x000000
        .udata_fxd1616u.o      udata   0x0001ff       data   0x000000
        .idata_fxd1616u.o      idata   0x0001ff       data   0x000000
        .udata_i2c_idle.o      udata   0x0001ff       data   0x000000
   .idata_coreFunctions.o      idata   0x000200       data   0x000084
            .idata_main.o      idata   0x000284       data   0x000039
           .udata_c018i.o      udata   0x0002bd       data   0x00000a
          .idata_stdout.o      idata   0x0002c7       data   0x000002
                   .stack      udata   0x000500       data   0x000100
            SFR_UNBANKED0      udata   0x000f80       data   0x000080



                              Program Memory Usage 
                               Start         End      
                           ---------   ---------      
                            0x000000    0x002936      
                            0x002938    0x002ad8      
                            0x300001    0x300001      
                            0x300003    0x300003      
                            0x300005    0x300006      
            10972 out of 33048 program addresses used, program memory utilization is 33%



                              Symbols - Sorted by Name
                     Name    Address   Location    Storage File                     
                ---------  ---------  ---------  --------- ---------                
                   D1616S   0x001d14    program     static E:\3.46\pic18-lt\cxx-framework\src\traditional\math\fxd1616s.asm
                D1616SNEG   0x001d22    program     static E:\3.46\pic18-lt\cxx-framework\src\traditional\math\fxd1616s.asm
                 D1616SOK   0x001d1e    program     static E:\3.46\pic18-lt\cxx-framework\src\traditional\math\fxd1616s.asm
                  D1616SX   0x001d34    program     static E:\3.46\pic18-lt\cxx-framework\src\traditional\math\fxd1616s.asm
                  DA1616S   0x001d04    program     static E:\3.46\pic18-lt\cxx-framework\src\traditional\math\fxd1616s.asm
              Detecte_i2c   0x0014da    program     extern C:\Users\julie\Documents\Education\Universitaire\Mines de Saint-Etienne ISMIN\Semestre 6\Projet Robot\TP\PJ_9.X\MI2C.c
             EEAckPolling   0x00266a    program     extern E:\3.46\pic18-lt\cxx-framework\src\pmc_common\i2c\i2c_eeap.c
              EEByteWrite   0x00242c    program     extern E:\3.46\pic18-lt\cxx-framework\src\pmc_common\i2c\i2c_eebw.c
             EERandomRead   0x0021da    program     extern E:\3.46\pic18-lt\cxx-framework\src\pmc_common\i2c\i2c_eerr.c
       Ecrire_i2c_Telecom   0x001706    program     extern C:\Users\julie\Documents\Education\Universitaire\Mines de Saint-Etienne ISMIN\Semestre 6\Projet Robot\TP\PJ_9.X\MI2C.c
                 FLO1632S   0x001bf2    program     extern E:\3.46\pic18-lt\cxx-framework\src\traditional\math\cast16FP.asm
                 FLO1632U   0x001bee    program     extern E:\3.46\pic18-lt\cxx-framework\src\traditional\math\cast16FP.asm
                    FPM32   0x001c18    program     extern E:\3.46\pic18-lt\cxx-framework\src\traditional\math\mulFP.asm
                 FXD1616S   0x001cf2    program     extern E:\3.46\pic18-lt\cxx-framework\src\traditional\math\fxd1616s.asm
                 FXD1616U   0x00287e    program     extern E:\3.46\pic18-lt\cxx-framework\src\traditional\math\fxd1616u.c
                 FXD3232U   0x002836    program     extern E:\3.46\pic18-lt\cxx-framework\src\traditional\math\fxd3232u.c
                 FXM1616S   0x001e98    program     extern E:\3.46\pic18-lt\cxx-framework\src\traditional\math\fxm1616s.asm
                  FXM3232   0x002760    program     extern E:\3.46\pic18-lt\cxx-framework\src\traditional\math\fxm3232.c
                  HighISR   0x001ef2    program     extern C:\Users\julie\Documents\Education\Universitaire\Mines de Saint-Etienne ISMIN\Semestre 6\Projet Robot\TP\PJ_9.X\interruption.c
                  INT3208   0x001d3e    program     extern E:\3.46\pic18-lt\cxx-framework\src\traditional\math\castFP08.asm
                  IdleI2C   0x002938    program     extern E:\3.46\pic18-lt\cxx-framework\src\pmc_common\i2c\i2c_idle.c
           Initialisation   0x0018ce    program     extern C:\Users\julie\Documents\Education\Universitaire\Mines de Saint-Etienne ISMIN\Semestre 6\Projet Robot\TP\PJ_9.X\initialisation.c
       InitialiserMoteurs   0x00195a    program     extern C:\Users\julie\Documents\Education\Universitaire\Mines de Saint-Etienne ISMIN\Semestre 6\Projet Robot\TP\PJ_9.X\initialisation.c
            IntHighVector   0x000008    program     extern C:\Users\julie\Documents\Education\Universitaire\Mines de Saint-Etienne ISMIN\Semestre 6\Projet Robot\TP\PJ_9.X\interruption.c
         Lire_i2c_Telecom   0x0017ac    program     extern C:\Users\julie\Documents\Education\Universitaire\Mines de Saint-Etienne ISMIN\Semestre 6\Projet Robot\TP\PJ_9.X\MI2C.c
                 MI2CInit   0x0014ca    program     extern C:\Users\julie\Documents\Education\Universitaire\Mines de Saint-Etienne ISMIN\Semestre 6\Projet Robot\TP\PJ_9.X\MI2C.c
               SONAR_Read   0x001526    program     extern C:\Users\julie\Documents\Education\Universitaire\Mines de Saint-Etienne ISMIN\Semestre 6\Projet Robot\TP\PJ_9.X\MI2C.c
              SONAR_Write   0x001668    program     extern C:\Users\julie\Documents\Education\Universitaire\Mines de Saint-Etienne ISMIN\Semestre 6\Projet Robot\TP\PJ_9.X\MI2C.c
               TSIGN1616A   0x001ee4    program     static E:\3.46\pic18-lt\cxx-framework\src\traditional\math\fxm1616s.asm
                 WriteI2C   0x0026ee    program     extern E:\3.46\pic18-lt\cxx-framework\src\pmc_common\i2c\i2c_writ.c
            Write_PCF8574   0x001860    program     extern C:\Users\julie\Documents\Education\Universitaire\Mines de Saint-Etienne ISMIN\Semestre 6\Projet Robot\TP\PJ_9.X\MI2C.c
                   _2jEnd   0x002820    program     static E:\3.46\pic18-lt\cxx-framework\src\traditional\stdclib\slenpgm.asm
                 __FpExit   0x001d98    program     extern E:\3.46\pic18-lt\cxx-framework\src\traditional\math\packFP.asm
                 __FpPack   0x001dc4    program     extern E:\3.46\pic18-lt\cxx-framework\src\traditional\math\packFP.asm
            __FpReturnNaN   0x001d8c    program     extern E:\3.46\pic18-lt\cxx-framework\src\traditional\math\packFP.asm
         __FpReturnNegInf   0x001d9e    program     extern E:\3.46\pic18-lt\cxx-framework\src\traditional\math\packFP.asm
        __FpReturnNegZero   0x001db6    program     extern E:\3.46\pic18-lt\cxx-framework\src\traditional\math\packFP.asm
         __FpReturnPosInf   0x001da4    program     extern E:\3.46\pic18-lt\cxx-framework\src\traditional\math\packFP.asm
        __FpReturnPosZero   0x001dbe    program     extern E:\3.46\pic18-lt\cxx-framework\src\traditional\math\packFP.asm
        __FpReturnSignInf   0x001d9a    program     extern E:\3.46\pic18-lt\cxx-framework\src\traditional\math\packFP.asm
       __FpReturnSignZero   0x001db2    program     extern E:\3.46\pic18-lt\cxx-framework\src\traditional\math\packFP.asm
              __FpReturnW   0x001e1c    program     extern E:\3.46\pic18-lt\cxx-framework\src\traditional\math\packFP.asm
              __FpUnPackA   0x001e3c    program     extern E:\3.46\pic18-lt\cxx-framework\src\traditional\math\UnpackFP.asm
              __FpUnPackB   0x001e6c    program     extern E:\3.46\pic18-lt\cxx-framework\src\traditional\math\UnpackFP.asm
       ___return_lbl00000   0x00287c    program     static                          
       ___return_lbl00000   0x0028a8    program     static                          
       ___return_lbl00000   0x00000c    program     static                          
       ___return_lbl00000   0x000004    program     static                          
       ___return_lbl00000   0x0027ce    program     static                          
       ___return_lbl00001   0x002908    program     static                          
       ___return_lbl00002   0x00242a    program     static                          
               __config_0   0x300001    program     static C:\Users\julie\Documents\Education\Universitaire\Mines de Saint-Etienne ISMIN\Semestre 6\Projet Robot\TP\PJ_9.X\main.c
               __config_1   0x300003    program     static C:\Users\julie\Documents\Education\Universitaire\Mines de Saint-Etienne ISMIN\Semestre 6\Projet Robot\TP\PJ_9.X\main.c
               __config_2   0x300005    program     static C:\Users\julie\Documents\Education\Universitaire\Mines de Saint-Etienne ISMIN\Semestre 6\Projet Robot\TP\PJ_9.X\main.c
               __config_3   0x300006    program     static C:\Users\julie\Documents\Education\Universitaire\Mines de Saint-Etienne ISMIN\Semestre 6\Projet Robot\TP\PJ_9.X\main.c
                   __init   0x002946    program     extern E:\3.46\pic18-lt\cxx-framework\src\traditional\stdclib\__init.c
                   __pa_0   0x0024b8    program     static E:\3.46\pic18-lt\cxx-framework\src\pmc_common\i2c\i2c_eebw.c
                   __pa_0   0x0026de    program     static E:\3.46\pic18-lt\cxx-framework\src\pmc_common\i2c\i2c_eeap.c
                   __pa_0   0x000980    program     static E:\3.46\pic18-lt\cxx-framework\src\traditional\stdclib\vfprintf.c
                   __pa_0   0x0022b0    program     static E:\3.46\pic18-lt\cxx-framework\src\pmc_common\i2c\i2c_eerr.c
                   __pa_1   0x000988    program     static E:\3.46\pic18-lt\cxx-framework\src\traditional\stdclib\vfprintf.c
                  __pa_10   0x000a3c    program     static E:\3.46\pic18-lt\cxx-framework\src\traditional\stdclib\vfprintf.c
                  __pa_11   0x000a4a    program     static E:\3.46\pic18-lt\cxx-framework\src\traditional\stdclib\vfprintf.c
                  __pa_12   0x000a60    program     static E:\3.46\pic18-lt\cxx-framework\src\traditional\stdclib\vfprintf.c
                  __pa_13   0x000a7a    program     static E:\3.46\pic18-lt\cxx-framework\src\traditional\stdclib\vfprintf.c
                  __pa_14   0x000a92    program     static E:\3.46\pic18-lt\cxx-framework\src\traditional\stdclib\vfprintf.c
                  __pa_15   0x000aa2    program     static E:\3.46\pic18-lt\cxx-framework\src\traditional\stdclib\vfprintf.c
                  __pa_16   0x000ab8    program     static E:\3.46\pic18-lt\cxx-framework\src\traditional\stdclib\vfprintf.c
                  __pa_17   0x000aca    program     static E:\3.46\pic18-lt\cxx-framework\src\traditional\stdclib\vfprintf.c
                  __pa_18   0x000adc    program     static E:\3.46\pic18-lt\cxx-framework\src\traditional\stdclib\vfprintf.c
                  __pa_19   0x000ae6    program     static E:\3.46\pic18-lt\cxx-framework\src\traditional\stdclib\vfprintf.c
                   __pa_2   0x000992    program     static E:\3.46\pic18-lt\cxx-framework\src\traditional\stdclib\vfprintf.c
                  __pa_20   0x000af6    program     static E:\3.46\pic18-lt\cxx-framework\src\traditional\stdclib\vfprintf.c
                  __pa_21   0x000b06    program     static E:\3.46\pic18-lt\cxx-framework\src\traditional\stdclib\vfprintf.c
                  __pa_22   0x000b16    program     static E:\3.46\pic18-lt\cxx-framework\src\traditional\stdclib\vfprintf.c
                  __pa_23   0x000b22    program     static E:\3.46\pic18-lt\cxx-framework\src\traditional\stdclib\vfprintf.c
                  __pa_24   0x000b30    program     static E:\3.46\pic18-lt\cxx-framework\src\traditional\stdclib\vfprintf.c
                  __pa_25   0x000b38    program     static E:\3.46\pic18-lt\cxx-framework\src\traditional\stdclib\vfprintf.c
                  __pa_26   0x000b42    program     static E:\3.46\pic18-lt\cxx-framework\src\traditional\stdclib\vfprintf.c
                  __pa_27   0x000b4c    program     static E:\3.46\pic18-lt\cxx-framework\src\traditional\stdclib\vfprintf.c
                  __pa_28   0x000b54    program     static E:\3.46\pic18-lt\cxx-framework\src\traditional\stdclib\vfprintf.c
                  __pa_29   0x000b62    program     static E:\3.46\pic18-lt\cxx-framework\src\traditional\stdclib\vfprintf.c
                   __pa_3   0x00099c    program     static E:\3.46\pic18-lt\cxx-framework\src\traditional\stdclib\vfprintf.c
                  __pa_30   0x000b7e    program     static E:\3.46\pic18-lt\cxx-framework\src\traditional\stdclib\vfprintf.c
                  __pa_31   0x000b98    program     static E:\3.46\pic18-lt\cxx-framework\src\traditional\stdclib\vfprintf.c
                  __pa_32   0x000bb2    program     static E:\3.46\pic18-lt\cxx-framework\src\traditional\stdclib\vfprintf.c
                  __pa_33   0x000bca    program     static E:\3.46\pic18-lt\cxx-framework\src\traditional\stdclib\vfprintf.c
                  __pa_34   0x000bd4    program     static E:\3.46\pic18-lt\cxx-framework\src\traditional\stdclib\vfprintf.c
                  __pa_35   0x000be2    program     static E:\3.46\pic18-lt\cxx-framework\src\traditional\stdclib\vfprintf.c
                  __pa_36   0x000bea    program     static E:\3.46\pic18-lt\cxx-framework\src\traditional\stdclib\vfprintf.c
                  __pa_37   0x000bf4    program     static E:\3.46\pic18-lt\cxx-framework\src\traditional\stdclib\vfprintf.c
                  __pa_38   0x000c04    program     static E:\3.46\pic18-lt\cxx-framework\src\traditional\stdclib\vfprintf.c
                  __pa_39   0x000c12    program     static E:\3.46\pic18-lt\cxx-framework\src\traditional\stdclib\vfprintf.c
                   __pa_4   0x0009b4    program     static E:\3.46\pic18-lt\cxx-framework\src\traditional\stdclib\vfprintf.c
                  __pa_40   0x000c1e    program     static E:\3.46\pic18-lt\cxx-framework\src\traditional\stdclib\vfprintf.c
                  __pa_41   0x000c2a    program     static E:\3.46\pic18-lt\cxx-framework\src\traditional\stdclib\vfprintf.c
                  __pa_42   0x000c32    program     static E:\3.46\pic18-lt\cxx-framework\src\traditional\stdclib\vfprintf.c
                  __pa_43   0x000c3c    program     static E:\3.46\pic18-lt\cxx-framework\src\traditional\stdclib\vfprintf.c
                  __pa_44   0x000c42    program     static E:\3.46\pic18-lt\cxx-framework\src\traditional\stdclib\vfprintf.c
                  __pa_45   0x000c4c    program     static E:\3.46\pic18-lt\cxx-framework\src\traditional\stdclib\vfprintf.c
                  __pa_46   0x000c58    program     static E:\3.46\pic18-lt\cxx-framework\src\traditional\stdclib\vfprintf.c
                   __pa_5   0x0009c8    program     static E:\3.46\pic18-lt\cxx-framework\src\traditional\stdclib\vfprintf.c
                   __pa_6   0x0009e4    program     static E:\3.46\pic18-lt\cxx-framework\src\traditional\stdclib\vfprintf.c
                   __pa_7   0x0009ee    program     static E:\3.46\pic18-lt\cxx-framework\src\traditional\stdclib\vfprintf.c
                   __pa_8   0x0009fa    program     static E:\3.46\pic18-lt\cxx-framework\src\traditional\stdclib\vfprintf.c
                   __pa_9   0x000a1c    program     static E:\3.46\pic18-lt\cxx-framework\src\traditional\stdclib\vfprintf.c
              __string_10   0x00232b    program     static C:\Users\julie\Documents\Education\Universitaire\Mines de Saint-Etienne ISMIN\Semestre 6\Projet Robot\TP\PJ_9.X\coreFunctions.c
              __string_11   0x002312    program     static C:\Users\julie\Documents\Education\Universitaire\Mines de Saint-Etienne ISMIN\Semestre 6\Projet Robot\TP\PJ_9.X\coreFunctions.c
              __string_12   0x0022f8    program     static C:\Users\julie\Documents\Education\Universitaire\Mines de Saint-Etienne ISMIN\Semestre 6\Projet Robot\TP\PJ_9.X\coreFunctions.c
              __string_13   0x0022db    program     static C:\Users\julie\Documents\Education\Universitaire\Mines de Saint-Etienne ISMIN\Semestre 6\Projet Robot\TP\PJ_9.X\coreFunctions.c
               __string_4   0x00238b    program     static C:\Users\julie\Documents\Education\Universitaire\Mines de Saint-Etienne ISMIN\Semestre 6\Projet Robot\TP\PJ_9.X\coreFunctions.c
               __string_5   0x00237e    program     static C:\Users\julie\Documents\Education\Universitaire\Mines de Saint-Etienne ISMIN\Semestre 6\Projet Robot\TP\PJ_9.X\coreFunctions.c
               __string_6   0x002371    program     static C:\Users\julie\Documents\Education\Universitaire\Mines de Saint-Etienne ISMIN\Semestre 6\Projet Robot\TP\PJ_9.X\coreFunctions.c
               __string_6   0x0022be    program     static C:\Users\julie\Documents\Education\Universitaire\Mines de Saint-Etienne ISMIN\Semestre 6\Projet Robot\TP\PJ_9.X\interruption.c
               __string_8   0x00235a    program     static C:\Users\julie\Documents\Education\Universitaire\Mines de Saint-Etienne ISMIN\Semestre 6\Projet Robot\TP\PJ_9.X\coreFunctions.c
               __string_9   0x002344    program     static C:\Users\julie\Documents\Education\Universitaire\Mines de Saint-Etienne ISMIN\Semestre 6\Projet Robot\TP\PJ_9.X\coreFunctions.c
              __tmplbl_42   0x000b16    program     static                          
              __tmplbl_43   0x00095e    program     static                          
              __tmplbl_44   0x000944    program     static                          
              __tmplbl_85   0x000096    program     static                          
            __zero_memory   0x0028ce    program     extern E:\3.46\pic18-lt\cxx-framework\src\traditional\proc\p18f2520.asm
                _do_cinit   0x00238e    program     extern E:\3.46\pic18-lt\cxx-framework\src\traditional\startup\c018i.c
                   _entry   0x000000    program     extern E:\3.46\pic18-lt\cxx-framework\src\traditional\startup\c018i.c
                   _false   0x002878    program     static                          
                 _startup   0x0028ee    program     extern E:\3.46\pic18-lt\cxx-framework\src\traditional\startup\c018i.c
              _usart_putc   0x00290a    program     extern E:\3.46\pic18-lt\cxx-framework\src\pmc_common\USART\_usartpc.asm
               _user_putc   0x000006    program     extern E:\3.46\pic18-lt\cxx-framework\src\traditional\stdclib\_user_putc.c
   affichage_distance_led   0x001388    program     extern C:\Users\julie\Documents\Education\Universitaire\Mines de Saint-Etienne ISMIN\Semestre 6\Projet Robot\TP\PJ_9.X\coreFunctions.c
   affichage_led_batterie   0x00147e    program     extern C:\Users\julie\Documents\Education\Universitaire\Mines de Saint-Etienne ISMIN\Semestre 6\Projet Robot\TP\PJ_9.X\coreFunctions.c
                 balayage   0x0010d0    program     extern C:\Users\julie\Documents\Education\Universitaire\Mines de Saint-Etienne ISMIN\Semestre 6\Projet Robot\TP\PJ_9.X\coreFunctions.c
                compare_l   0x0028e4    program     static E:\3.46\pic18-lt\cxx-framework\src\traditional\proc\p18f2520.asm
                copy_loop   0x002400    program     static                          
            copy_one_byte   0x002406    program     static                          
                     done   0x00242a    program     static                          
             done_copying   0x002414    program     static                          
               ecrireChar   0x000ccc    program     extern C:\Users\julie\Documents\Education\Universitaire\Mines de Saint-Etienne ISMIN\Semestre 6\Projet Robot\TP\PJ_9.X\coreFunctions.c
              ecrireFloat   0x000d34    program     extern C:\Users\julie\Documents\Education\Universitaire\Mines de Saint-Etienne ISMIN\Semestre 6\Projet Robot\TP\PJ_9.X\coreFunctions.c
                ecrireInt   0x000d00    program     extern C:\Users\julie\Documents\Education\Universitaire\Mines de Saint-Etienne ISMIN\Semestre 6\Projet Robot\TP\PJ_9.X\coreFunctions.c
                  endloop   0x0028a4    program     static                          
     initialisation_total   0x000c62    program     extern C:\Users\julie\Documents\Education\Universitaire\Mines de Saint-Etienne ISMIN\Semestre 6\Projet Robot\TP\PJ_9.X\coreFunctions.c
                  isdigit   0x0028aa    program     extern E:\3.46\pic18-lt\cxx-framework\src\traditional\stdclib\isdigit.asm
                 jANotInf   0x001c36    program     static E:\3.46\pic18-lt\cxx-framework\src\traditional\math\mulFP.asm
              jBothFinite   0x001c44    program     static E:\3.46\pic18-lt\cxx-framework\src\traditional\math\mulFP.asm
             jBothNotZero   0x001c50    program     static E:\3.46\pic18-lt\cxx-framework\src\traditional\math\mulFP.asm
                     jEnd   0x0027ea    program     static E:\3.46\pic18-lt\cxx-framework\src\traditional\stdclib\strlen.asm
                     jEnd   0x002822    program     static E:\3.46\pic18-lt\cxx-framework\src\traditional\stdclib\slenpgm.asm
                    jExit   0x001d8a    program     static E:\3.46\pic18-lt\cxx-framework\src\traditional\math\castFP08.asm
                jHaveZero   0x001c4c    program     static E:\3.46\pic18-lt\cxx-framework\src\traditional\math\mulFP.asm
                jI2F16Beg   0x001c02    program     static E:\3.46\pic18-lt\cxx-framework\src\traditional\math\cast16FP.asm
                    jLoop   0x00280a    program     static E:\3.46\pic18-lt\cxx-framework\src\traditional\stdclib\slenpgm.asm
                    jLoop   0x0027e0    program     static E:\3.46\pic18-lt\cxx-framework\src\traditional\stdclib\strlen.asm
                    jLoop   0x001d72    program     static E:\3.46\pic18-lt\cxx-framework\src\traditional\math\castFP08.asm
                jLoopExit   0x001d80    program     static E:\3.46\pic18-lt\cxx-framework\src\traditional\math\castFP08.asm
                   jMatch   0x0028ca    program     static E:\3.46\pic18-lt\cxx-framework\src\traditional\stdclib\isdigit.asm
                     jMax   0x001d4e    program     static E:\3.46\pic18-lt\cxx-framework\src\traditional\math\castFP08.asm
                  jMaxNeg   0x001d58    program     static E:\3.46\pic18-lt\cxx-framework\src\traditional\math\castFP08.asm
                  jMaxPos   0x001d52    program     static E:\3.46\pic18-lt\cxx-framework\src\traditional\math\castFP08.asm
                 jNoMatch   0x0028cc    program     static E:\3.46\pic18-lt\cxx-framework\src\traditional\stdclib\isdigit.asm
                  jNotInf   0x001d62    program     static E:\3.46\pic18-lt\cxx-framework\src\traditional\math\castFP08.asm
                  jPkLoop   0x001dd2    program     static E:\3.46\pic18-lt\cxx-framework\src\traditional\math\packFP.asm
             jPkRoundDone   0x001e1c    program     static E:\3.46\pic18-lt\cxx-framework\src\traditional\math\packFP.asm
               jPkRoundIt   0x001e04    program     static E:\3.46\pic18-lt\cxx-framework\src\traditional\math\packFP.asm
             jPkShiftDone   0x001dee    program     static E:\3.46\pic18-lt\cxx-framework\src\traditional\math\packFP.asm
           jReturnPosInf0   0x001da8    program     static E:\3.46\pic18-lt\cxx-framework\src\traditional\math\packFP.asm
                  jUnpkA1   0x001e46    program     static E:\3.46\pic18-lt\cxx-framework\src\traditional\math\UnpackFP.asm
                  jUnpkA2   0x001e5e    program     static E:\3.46\pic18-lt\cxx-framework\src\traditional\math\UnpackFP.asm
                 jUnpkANZ   0x001e54    program     static E:\3.46\pic18-lt\cxx-framework\src\traditional\math\UnpackFP.asm
                  jUnpkB1   0x001e76    program     static E:\3.46\pic18-lt\cxx-framework\src\traditional\math\UnpackFP.asm
                  jUnpkB2   0x001e8e    program     static E:\3.46\pic18-lt\cxx-framework\src\traditional\math\UnpackFP.asm
                 jUnpkBNZ   0x001e84    program     static E:\3.46\pic18-lt\cxx-framework\src\traditional\math\UnpackFP.asm
                 jUnpkNaN   0x001e68    program     static E:\3.46\pic18-lt\cxx-framework\src\traditional\math\UnpackFP.asm
                    jZero   0x001d5e    program     static E:\3.46\pic18-lt\cxx-framework\src\traditional\math\castFP08.asm
               jZero1and2   0x001dac    program     static E:\3.46\pic18-lt\cxx-framework\src\traditional\math\packFP.asm
                     loop   0x002844    program     static                          
                     loop   0x0028fe    program     static                          
                     loop   0x00291a    program     static E:\3.46\pic18-lt\cxx-framework\src\pmc_common\USART\_usartpc.asm
                     loop   0x002888    program     static                          
                   loop_h   0x0028dc    program     static E:\3.46\pic18-lt\cxx-framework\src\traditional\proc\p18f2520.asm
                   loop_l   0x0028e6    program     static E:\3.46\pic18-lt\cxx-framework\src\traditional\proc\p18f2520.asm
                     main   0x00255e    program     extern C:\Users\julie\Documents\Education\Universitaire\Mines de Saint-Etienne ISMIN\Semestre 6\Projet Robot\TP\PJ_9.X\main.c
             maximun_list   0x000e60    program     extern C:\Users\julie\Documents\Education\Universitaire\Mines de Saint-Etienne ISMIN\Semestre 6\Projet Robot\TP\PJ_9.X\coreFunctions.c
                mesure_ir   0x000f36    program     extern C:\Users\julie\Documents\Education\Universitaire\Mines de Saint-Etienne ISMIN\Semestre 6\Projet Robot\TP\PJ_9.X\coreFunctions.c
          mesure_ir_droit   0x00103c    program     extern C:\Users\julie\Documents\Education\Universitaire\Mines de Saint-Etienne ISMIN\Semestre 6\Projet Robot\TP\PJ_9.X\coreFunctions.c
         mesure_ir_gauche   0x001086    program     extern C:\Users\julie\Documents\Education\Universitaire\Mines de Saint-Etienne ISMIN\Semestre 6\Projet Robot\TP\PJ_9.X\coreFunctions.c
                   printf   0x0024c6    program     extern E:\3.46\pic18-lt\cxx-framework\src\traditional\stdclib\printf.c
                     putc   0x0025e6    program     extern E:\3.46\pic18-lt\cxx-framework\src\traditional\stdclib\putc.c
               reinit_pwm   0x000e46    program     extern C:\Users\julie\Documents\Education\Universitaire\Mines de Saint-Etienne ISMIN\Semestre 6\Projet Robot\TP\PJ_9.X\coreFunctions.c
                 rotation   0x001270    program     extern C:\Users\julie\Documents\Education\Universitaire\Mines de Saint-Etienne ISMIN\Semestre 6\Projet Robot\TP\PJ_9.X\coreFunctions.c
             rotation_pwm   0x000d78    program     extern C:\Users\julie\Documents\Education\Universitaire\Mines de Saint-Etienne ISMIN\Semestre 6\Projet Robot\TP\PJ_9.X\coreFunctions.c
                 s_digits   0x002926    program     static E:\3.46\pic18-lt\cxx-framework\src\traditional\stdclib\vfprintf.c
            s_put_n_chars   0x000040    program     static E:\3.46\pic18-lt\cxx-framework\src\traditional\stdclib\vfprintf.c
                   strlen   0x0027d0    program     extern E:\3.46\pic18-lt\cxx-framework\src\traditional\stdclib\strlen.asm
                strlenpgm   0x0027ec    program     extern E:\3.46\pic18-lt\cxx-framework\src\traditional\stdclib\slenpgm.asm
             telecommande   0x001330    program     extern C:\Users\julie\Documents\Education\Universitaire\Mines de Saint-Etienne ISMIN\Semestre 6\Projet Robot\TP\PJ_9.X\coreFunctions.c
                    tempo   0x000ca8    program     extern C:\Users\julie\Documents\Education\Universitaire\Mines de Saint-Etienne ISMIN\Semestre 6\Projet Robot\TP\PJ_9.X\coreFunctions.c
                     test   0x0023a8    program     static                          
                 test_led   0x001a18    program     extern C:\Users\julie\Documents\Education\Universitaire\Mines de Saint-Etienne ISMIN\Semestre 6\Projet Robot\TP\PJ_9.X\initialisation.c
                 vfprintf   0x00006c    program     extern E:\3.46\pic18-lt\cxx-framework\src\traditional\stdclib\vfprintf.c
               zero_block   0x0028dc    program     static E:\3.46\pic18-lt\cxx-framework\src\traditional\proc\p18f2520.asm
                   ADCON0   0x000fc2       data     extern E:\3.46\pic18-lt\cxx-framework\src\traditional\proc\p18f2520.asm
               ADCON0bits   0x000fc2       data     extern E:\3.46\pic18-lt\cxx-framework\src\traditional\proc\p18f2520.asm
                   ADCON1   0x000fc1       data     extern E:\3.46\pic18-lt\cxx-framework\src\traditional\proc\p18f2520.asm
               ADCON1bits   0x000fc1       data     extern E:\3.46\pic18-lt\cxx-framework\src\traditional\proc\p18f2520.asm
                   ADCON2   0x000fc0       data     extern E:\3.46\pic18-lt\cxx-framework\src\traditional\proc\p18f2520.asm
               ADCON2bits   0x000fc0       data     extern E:\3.46\pic18-lt\cxx-framework\src\traditional\proc\p18f2520.asm
                    ADRES   0x000fc3       data     extern E:\3.46\pic18-lt\cxx-framework\src\traditional\proc\p18f2520.asm
                   ADRESH   0x000fc4       data     extern E:\3.46\pic18-lt\cxx-framework\src\traditional\proc\p18f2520.asm
                   ADRESL   0x000fc3       data     extern E:\3.46\pic18-lt\cxx-framework\src\traditional\proc\p18f2520.asm
                  BAUDCON   0x000fb8       data     extern E:\3.46\pic18-lt\cxx-framework\src\traditional\proc\p18f2520.asm
              BAUDCONbits   0x000fb8       data     extern E:\3.46\pic18-lt\cxx-framework\src\traditional\proc\p18f2520.asm
                  BAUDCTL   0x000fb8       data     extern E:\3.46\pic18-lt\cxx-framework\src\traditional\proc\p18f2520.asm
              BAUDCTLbits   0x000fb8       data     extern E:\3.46\pic18-lt\cxx-framework\src\traditional\proc\p18f2520.asm
                      BSR   0x000fe0       data     extern E:\3.46\pic18-lt\cxx-framework\src\traditional\proc\p18f2520.asm
                  CCP1CON   0x000fbd       data     extern E:\3.46\pic18-lt\cxx-framework\src\traditional\proc\p18f2520.asm
              CCP1CONbits   0x000fbd       data     extern E:\3.46\pic18-lt\cxx-framework\src\traditional\proc\p18f2520.asm
                  CCP2CON   0x000fba       data     extern E:\3.46\pic18-lt\cxx-framework\src\traditional\proc\p18f2520.asm
              CCP2CONbits   0x000fba       data     extern E:\3.46\pic18-lt\cxx-framework\src\traditional\proc\p18f2520.asm
                    CCPR1   0x000fbe       data     extern E:\3.46\pic18-lt\cxx-framework\src\traditional\proc\p18f2520.asm
                   CCPR1H   0x000fbf       data     extern E:\3.46\pic18-lt\cxx-framework\src\traditional\proc\p18f2520.asm
                   CCPR1L   0x000fbe       data     extern E:\3.46\pic18-lt\cxx-framework\src\traditional\proc\p18f2520.asm
                    CCPR2   0x000fbb       data     extern E:\3.46\pic18-lt\cxx-framework\src\traditional\proc\p18f2520.asm
                   CCPR2H   0x000fbc       data     extern E:\3.46\pic18-lt\cxx-framework\src\traditional\proc\p18f2520.asm
                   CCPR2L   0x000fbb       data     extern E:\3.46\pic18-lt\cxx-framework\src\traditional\proc\p18f2520.asm
                    CMCON   0x000fb4       data     extern E:\3.46\pic18-lt\cxx-framework\src\traditional\proc\p18f2520.asm
                CMCONbits   0x000fb4       data     extern E:\3.46\pic18-lt\cxx-framework\src\traditional\proc\p18f2520.asm
                   CVRCON   0x000fb5       data     extern E:\3.46\pic18-lt\cxx-framework\src\traditional\proc\p18f2520.asm
               CVRCONbits   0x000fb5       data     extern E:\3.46\pic18-lt\cxx-framework\src\traditional\proc\p18f2520.asm
                     DDRA   0x000f92       data     extern E:\3.46\pic18-lt\cxx-framework\src\traditional\proc\p18f2520.asm
                 DDRAbits   0x000f92       data     extern E:\3.46\pic18-lt\cxx-framework\src\traditional\proc\p18f2520.asm
                     DDRB   0x000f93       data     extern E:\3.46\pic18-lt\cxx-framework\src\traditional\proc\p18f2520.asm
                 DDRBbits   0x000f93       data     extern E:\3.46\pic18-lt\cxx-framework\src\traditional\proc\p18f2520.asm
                     DDRC   0x000f94       data     extern E:\3.46\pic18-lt\cxx-framework\src\traditional\proc\p18f2520.asm
                 DDRCbits   0x000f94       data     extern E:\3.46\pic18-lt\cxx-framework\src\traditional\proc\p18f2520.asm
                  ECCP1AS   0x000fb6       data     extern E:\3.46\pic18-lt\cxx-framework\src\traditional\proc\p18f2520.asm
              ECCP1ASbits   0x000fb6       data     extern E:\3.46\pic18-lt\cxx-framework\src\traditional\proc\p18f2520.asm
                 ECCP1DEL   0x000fb7       data     extern E:\3.46\pic18-lt\cxx-framework\src\traditional\proc\p18f2520.asm
             ECCP1DELbits   0x000fb7       data     extern E:\3.46\pic18-lt\cxx-framework\src\traditional\proc\p18f2520.asm
                   ECCPAS   0x000fb6       data     extern E:\3.46\pic18-lt\cxx-framework\src\traditional\proc\p18f2520.asm
               ECCPASbits   0x000fb6       data     extern E:\3.46\pic18-lt\cxx-framework\src\traditional\proc\p18f2520.asm
                    EEADR   0x000fa9       data     extern E:\3.46\pic18-lt\cxx-framework\src\traditional\proc\p18f2520.asm
                   EECON1   0x000fa6       data     extern E:\3.46\pic18-lt\cxx-framework\src\traditional\proc\p18f2520.asm
               EECON1bits   0x000fa6       data     extern E:\3.46\pic18-lt\cxx-framework\src\traditional\proc\p18f2520.asm
                   EECON2   0x000fa7       data     extern E:\3.46\pic18-lt\cxx-framework\src\traditional\proc\p18f2520.asm
                   EEDATA   0x000fa8       data     extern E:\3.46\pic18-lt\cxx-framework\src\traditional\proc\p18f2520.asm
                     FSR0   0x000fe9       data     extern E:\3.46\pic18-lt\cxx-framework\src\traditional\proc\p18f2520.asm
                    FSR0H   0x000fea       data     extern E:\3.46\pic18-lt\cxx-framework\src\traditional\proc\p18f2520.asm
                    FSR0L   0x000fe9       data     extern E:\3.46\pic18-lt\cxx-framework\src\traditional\proc\p18f2520.asm
                     FSR1   0x000fe1       data     extern E:\3.46\pic18-lt\cxx-framework\src\traditional\proc\p18f2520.asm
                    FSR1H   0x000fe2       data     extern E:\3.46\pic18-lt\cxx-framework\src\traditional\proc\p18f2520.asm
                    FSR1L   0x000fe1       data     extern E:\3.46\pic18-lt\cxx-framework\src\traditional\proc\p18f2520.asm
                     FSR2   0x000fd9       data     extern E:\3.46\pic18-lt\cxx-framework\src\traditional\proc\p18f2520.asm
                    FSR2H   0x000fda       data     extern E:\3.46\pic18-lt\cxx-framework\src\traditional\proc\p18f2520.asm
                    FSR2L   0x000fd9       data     extern E:\3.46\pic18-lt\cxx-framework\src\traditional\proc\p18f2520.asm
                  HLVDCON   0x000fd2       data     extern E:\3.46\pic18-lt\cxx-framework\src\traditional\proc\p18f2520.asm
              HLVDCONbits   0x000fd2       data     extern E:\3.46\pic18-lt\cxx-framework\src\traditional\proc\p18f2520.asm
                    INDF0   0x000fef       data     extern E:\3.46\pic18-lt\cxx-framework\src\traditional\proc\p18f2520.asm
                    INDF1   0x000fe7       data     extern E:\3.46\pic18-lt\cxx-framework\src\traditional\proc\p18f2520.asm
                    INDF2   0x000fdf       data     extern E:\3.46\pic18-lt\cxx-framework\src\traditional\proc\p18f2520.asm
                   INTCON   0x000ff2       data     extern E:\3.46\pic18-lt\cxx-framework\src\traditional\proc\p18f2520.asm
                  INTCON2   0x000ff1       data     extern E:\3.46\pic18-lt\cxx-framework\src\traditional\proc\p18f2520.asm
              INTCON2bits   0x000ff1       data     extern E:\3.46\pic18-lt\cxx-framework\src\traditional\proc\p18f2520.asm
                  INTCON3   0x000ff0       data     extern E:\3.46\pic18-lt\cxx-framework\src\traditional\proc\p18f2520.asm
              INTCON3bits   0x000ff0       data     extern E:\3.46\pic18-lt\cxx-framework\src\traditional\proc\p18f2520.asm
               INTCONbits   0x000ff2       data     extern E:\3.46\pic18-lt\cxx-framework\src\traditional\proc\p18f2520.asm
                     IPR1   0x000f9f       data     extern E:\3.46\pic18-lt\cxx-framework\src\traditional\proc\p18f2520.asm
                 IPR1bits   0x000f9f       data     extern E:\3.46\pic18-lt\cxx-framework\src\traditional\proc\p18f2520.asm
                     IPR2   0x000fa2       data     extern E:\3.46\pic18-lt\cxx-framework\src\traditional\proc\p18f2520.asm
                 IPR2bits   0x000fa2       data     extern E:\3.46\pic18-lt\cxx-framework\src\traditional\proc\p18f2520.asm
                     LATA   0x000f89       data     extern E:\3.46\pic18-lt\cxx-framework\src\traditional\proc\p18f2520.asm
                 LATAbits   0x000f89       data     extern E:\3.46\pic18-lt\cxx-framework\src\traditional\proc\p18f2520.asm
                     LATB   0x000f8a       data     extern E:\3.46\pic18-lt\cxx-framework\src\traditional\proc\p18f2520.asm
                 LATBbits   0x000f8a       data     extern E:\3.46\pic18-lt\cxx-framework\src\traditional\proc\p18f2520.asm
                     LATC   0x000f8b       data     extern E:\3.46\pic18-lt\cxx-framework\src\traditional\proc\p18f2520.asm
                 LATCbits   0x000f8b       data     extern E:\3.46\pic18-lt\cxx-framework\src\traditional\proc\p18f2520.asm
                   LVDCON   0x000fd2       data     extern E:\3.46\pic18-lt\cxx-framework\src\traditional\proc\p18f2520.asm
               LVDCONbits   0x000fd2       data     extern E:\3.46\pic18-lt\cxx-framework\src\traditional\proc\p18f2520.asm
                   OSCCON   0x000fd3       data     extern E:\3.46\pic18-lt\cxx-framework\src\traditional\proc\p18f2520.asm
               OSCCONbits   0x000fd3       data     extern E:\3.46\pic18-lt\cxx-framework\src\traditional\proc\p18f2520.asm
                  OSCTUNE   0x000f9b       data     extern E:\3.46\pic18-lt\cxx-framework\src\traditional\proc\p18f2520.asm
              OSCTUNEbits   0x000f9b       data     extern E:\3.46\pic18-lt\cxx-framework\src\traditional\proc\p18f2520.asm
                       PC   0x000ff9       data     extern E:\3.46\pic18-lt\cxx-framework\src\traditional\proc\p18f2520.asm
                      PCL   0x000ff9       data     extern E:\3.46\pic18-lt\cxx-framework\src\traditional\proc\p18f2520.asm
                   PCLATH   0x000ffa       data     extern E:\3.46\pic18-lt\cxx-framework\src\traditional\proc\p18f2520.asm
                   PCLATU   0x000ffb       data     extern E:\3.46\pic18-lt\cxx-framework\src\traditional\proc\p18f2520.asm
                     PIE1   0x000f9d       data     extern E:\3.46\pic18-lt\cxx-framework\src\traditional\proc\p18f2520.asm
                 PIE1bits   0x000f9d       data     extern E:\3.46\pic18-lt\cxx-framework\src\traditional\proc\p18f2520.asm
                     PIE2   0x000fa0       data     extern E:\3.46\pic18-lt\cxx-framework\src\traditional\proc\p18f2520.asm
                 PIE2bits   0x000fa0       data     extern E:\3.46\pic18-lt\cxx-framework\src\traditional\proc\p18f2520.asm
                     PIR1   0x000f9e       data     extern E:\3.46\pic18-lt\cxx-framework\src\traditional\proc\p18f2520.asm
                 PIR1bits   0x000f9e       data     extern E:\3.46\pic18-lt\cxx-framework\src\traditional\proc\p18f2520.asm
                     PIR2   0x000fa1       data     extern E:\3.46\pic18-lt\cxx-framework\src\traditional\proc\p18f2520.asm
                 PIR2bits   0x000fa1       data     extern E:\3.46\pic18-lt\cxx-framework\src\traditional\proc\p18f2520.asm
                   PLUSW0   0x000feb       data     extern E:\3.46\pic18-lt\cxx-framework\src\traditional\proc\p18f2520.asm
                   PLUSW1   0x000fe3       data     extern E:\3.46\pic18-lt\cxx-framework\src\traditional\proc\p18f2520.asm
                   PLUSW2   0x000fdb       data     extern E:\3.46\pic18-lt\cxx-framework\src\traditional\proc\p18f2520.asm
                    PORTA   0x000f80       data     extern E:\3.46\pic18-lt\cxx-framework\src\traditional\proc\p18f2520.asm
                PORTAbits   0x000f80       data     extern E:\3.46\pic18-lt\cxx-framework\src\traditional\proc\p18f2520.asm
                    PORTB   0x000f81       data     extern E:\3.46\pic18-lt\cxx-framework\src\traditional\proc\p18f2520.asm
                PORTBbits   0x000f81       data     extern E:\3.46\pic18-lt\cxx-framework\src\traditional\proc\p18f2520.asm
                    PORTC   0x000f82       data     extern E:\3.46\pic18-lt\cxx-framework\src\traditional\proc\p18f2520.asm
                PORTCbits   0x000f82       data     extern E:\3.46\pic18-lt\cxx-framework\src\traditional\proc\p18f2520.asm
                    PORTE   0x000f84       data     extern E:\3.46\pic18-lt\cxx-framework\src\traditional\proc\p18f2520.asm
                PORTEbits   0x000f84       data     extern E:\3.46\pic18-lt\cxx-framework\src\traditional\proc\p18f2520.asm
                 POSTDEC0   0x000fed       data     extern E:\3.46\pic18-lt\cxx-framework\src\traditional\proc\p18f2520.asm
                 POSTDEC1   0x000fe5       data     extern E:\3.46\pic18-lt\cxx-framework\src\traditional\proc\p18f2520.asm
                 POSTDEC2   0x000fdd       data     extern E:\3.46\pic18-lt\cxx-framework\src\traditional\proc\p18f2520.asm
                 POSTINC0   0x000fee       data     extern E:\3.46\pic18-lt\cxx-framework\src\traditional\proc\p18f2520.asm
                 POSTINC1   0x000fe6       data     extern E:\3.46\pic18-lt\cxx-framework\src\traditional\proc\p18f2520.asm
                 POSTINC2   0x000fde       data     extern E:\3.46\pic18-lt\cxx-framework\src\traditional\proc\p18f2520.asm
                      PR2   0x000fcb       data     extern E:\3.46\pic18-lt\cxx-framework\src\traditional\proc\p18f2520.asm
                  PREINC0   0x000fec       data     extern E:\3.46\pic18-lt\cxx-framework\src\traditional\proc\p18f2520.asm
                  PREINC1   0x000fe4       data     extern E:\3.46\pic18-lt\cxx-framework\src\traditional\proc\p18f2520.asm
                  PREINC2   0x000fdc       data     extern E:\3.46\pic18-lt\cxx-framework\src\traditional\proc\p18f2520.asm
                     PROD   0x000ff3       data     extern E:\3.46\pic18-lt\cxx-framework\src\traditional\proc\p18f2520.asm
                    PRODH   0x000ff4       data     extern E:\3.46\pic18-lt\cxx-framework\src\traditional\proc\p18f2520.asm
                    PRODL   0x000ff3       data     extern E:\3.46\pic18-lt\cxx-framework\src\traditional\proc\p18f2520.asm
                  PWM1CON   0x000fb7       data     extern E:\3.46\pic18-lt\cxx-framework\src\traditional\proc\p18f2520.asm
              PWM1CONbits   0x000fb7       data     extern E:\3.46\pic18-lt\cxx-framework\src\traditional\proc\p18f2520.asm
                     RCON   0x000fd0       data     extern E:\3.46\pic18-lt\cxx-framework\src\traditional\proc\p18f2520.asm
                 RCONbits   0x000fd0       data     extern E:\3.46\pic18-lt\cxx-framework\src\traditional\proc\p18f2520.asm
                    RCREG   0x000fae       data     extern E:\3.46\pic18-lt\cxx-framework\src\traditional\proc\p18f2520.asm
                    RCSTA   0x000fab       data     extern E:\3.46\pic18-lt\cxx-framework\src\traditional\proc\p18f2520.asm
                RCSTAbits   0x000fab       data     extern E:\3.46\pic18-lt\cxx-framework\src\traditional\proc\p18f2520.asm
                     SIGN   0x000000       data     extern E:\3.46\pic18-lt\cxx-framework\src\traditional\math\cmath18.asm
                    SPBRG   0x000faf       data     extern E:\3.46\pic18-lt\cxx-framework\src\traditional\proc\p18f2520.asm
                   SPBRGH   0x000fb0       data     extern E:\3.46\pic18-lt\cxx-framework\src\traditional\proc\p18f2520.asm
                   SSPADD   0x000fc8       data     extern E:\3.46\pic18-lt\cxx-framework\src\traditional\proc\p18f2520.asm
                   SSPBUF   0x000fc9       data     extern E:\3.46\pic18-lt\cxx-framework\src\traditional\proc\p18f2520.asm
                  SSPCON1   0x000fc6       data     extern E:\3.46\pic18-lt\cxx-framework\src\traditional\proc\p18f2520.asm
              SSPCON1bits   0x000fc6       data     extern E:\3.46\pic18-lt\cxx-framework\src\traditional\proc\p18f2520.asm
                  SSPCON2   0x000fc5       data     extern E:\3.46\pic18-lt\cxx-framework\src\traditional\proc\p18f2520.asm
              SSPCON2bits   0x000fc5       data     extern E:\3.46\pic18-lt\cxx-framework\src\traditional\proc\p18f2520.asm
                  SSPSTAT   0x000fc7       data     extern E:\3.46\pic18-lt\cxx-framework\src\traditional\proc\p18f2520.asm
              SSPSTATbits   0x000fc7       data     extern E:\3.46\pic18-lt\cxx-framework\src\traditional\proc\p18f2520.asm
                   STATUS   0x000fd8       data     extern E:\3.46\pic18-lt\cxx-framework\src\traditional\proc\p18f2520.asm
               STATUSbits   0x000fd8       data     extern E:\3.46\pic18-lt\cxx-framework\src\traditional\proc\p18f2520.asm
                   STKPTR   0x000ffc       data     extern E:\3.46\pic18-lt\cxx-framework\src\traditional\proc\p18f2520.asm
               STKPTRbits   0x000ffc       data     extern E:\3.46\pic18-lt\cxx-framework\src\traditional\proc\p18f2520.asm
                    T0CON   0x000fd5       data     extern E:\3.46\pic18-lt\cxx-framework\src\traditional\proc\p18f2520.asm
                T0CONbits   0x000fd5       data     extern E:\3.46\pic18-lt\cxx-framework\src\traditional\proc\p18f2520.asm
                    T1CON   0x000fcd       data     extern E:\3.46\pic18-lt\cxx-framework\src\traditional\proc\p18f2520.asm
                T1CONbits   0x000fcd       data     extern E:\3.46\pic18-lt\cxx-framework\src\traditional\proc\p18f2520.asm
                    T2CON   0x000fca       data     extern E:\3.46\pic18-lt\cxx-framework\src\traditional\proc\p18f2520.asm
                T2CONbits   0x000fca       data     extern E:\3.46\pic18-lt\cxx-framework\src\traditional\proc\p18f2520.asm
                    T3CON   0x000fb1       data     extern E:\3.46\pic18-lt\cxx-framework\src\traditional\proc\p18f2520.asm
                T3CONbits   0x000fb1       data     extern E:\3.46\pic18-lt\cxx-framework\src\traditional\proc\p18f2520.asm
                   TABLAT   0x000ff5       data     extern E:\3.46\pic18-lt\cxx-framework\src\traditional\proc\p18f2520.asm
                   TBLPTR   0x000ff6       data     extern E:\3.46\pic18-lt\cxx-framework\src\traditional\proc\p18f2520.asm
                  TBLPTRH   0x000ff7       data     extern E:\3.46\pic18-lt\cxx-framework\src\traditional\proc\p18f2520.asm
                  TBLPTRL   0x000ff6       data     extern E:\3.46\pic18-lt\cxx-framework\src\traditional\proc\p18f2520.asm
                  TBLPTRU   0x000ff8       data     extern E:\3.46\pic18-lt\cxx-framework\src\traditional\proc\p18f2520.asm
                    TMR0H   0x000fd7       data     extern E:\3.46\pic18-lt\cxx-framework\src\traditional\proc\p18f2520.asm
                    TMR0L   0x000fd6       data     extern E:\3.46\pic18-lt\cxx-framework\src\traditional\proc\p18f2520.asm
                    TMR1H   0x000fcf       data     extern E:\3.46\pic18-lt\cxx-framework\src\traditional\proc\p18f2520.asm
                    TMR1L   0x000fce       data     extern E:\3.46\pic18-lt\cxx-framework\src\traditional\proc\p18f2520.asm
                     TMR2   0x000fcc       data     extern E:\3.46\pic18-lt\cxx-framework\src\traditional\proc\p18f2520.asm
                    TMR3H   0x000fb3       data     extern E:\3.46\pic18-lt\cxx-framework\src\traditional\proc\p18f2520.asm
                    TMR3L   0x000fb2       data     extern E:\3.46\pic18-lt\cxx-framework\src\traditional\proc\p18f2520.asm
                      TOS   0x000ffd       data     extern E:\3.46\pic18-lt\cxx-framework\src\traditional\proc\p18f2520.asm
                     TOSH   0x000ffe       data     extern E:\3.46\pic18-lt\cxx-framework\src\traditional\proc\p18f2520.asm
                     TOSL   0x000ffd       data     extern E:\3.46\pic18-lt\cxx-framework\src\traditional\proc\p18f2520.asm
                     TOSU   0x000fff       data     extern E:\3.46\pic18-lt\cxx-framework\src\traditional\proc\p18f2520.asm
                    TRISA   0x000f92       data     extern E:\3.46\pic18-lt\cxx-framework\src\traditional\proc\p18f2520.asm
                TRISAbits   0x000f92       data     extern E:\3.46\pic18-lt\cxx-framework\src\traditional\proc\p18f2520.asm
                    TRISB   0x000f93       data     extern E:\3.46\pic18-lt\cxx-framework\src\traditional\proc\p18f2520.asm
                TRISBbits   0x000f93       data     extern E:\3.46\pic18-lt\cxx-framework\src\traditional\proc\p18f2520.asm
                    TRISC   0x000f94       data     extern E:\3.46\pic18-lt\cxx-framework\src\traditional\proc\p18f2520.asm
                TRISCbits   0x000f94       data     extern E:\3.46\pic18-lt\cxx-framework\src\traditional\proc\p18f2520.asm
                    TXREG   0x000fad       data     extern E:\3.46\pic18-lt\cxx-framework\src\traditional\proc\p18f2520.asm
                    TXSTA   0x000fac       data     extern E:\3.46\pic18-lt\cxx-framework\src\traditional\proc\p18f2520.asm
                TXSTAbits   0x000fac       data     extern E:\3.46\pic18-lt\cxx-framework\src\traditional\proc\p18f2520.asm
            Tmr1StartTime   0x000294       data     extern C:\Users\julie\Documents\Education\Universitaire\Mines de Saint-Etienne ISMIN\Semestre 6\Projet Robot\TP\PJ_9.X\main.c
                        W   0x000fe8       data     extern E:\3.46\pic18-lt\cxx-framework\src\traditional\proc\p18f2520.asm
                   WDTCON   0x000fd1       data     extern E:\3.46\pic18-lt\cxx-framework\src\traditional\proc\p18f2520.asm
               WDTCONbits   0x000fd1       data     extern E:\3.46\pic18-lt\cxx-framework\src\traditional\proc\p18f2520.asm
                     WREG   0x000fe8       data     extern E:\3.46\pic18-lt\cxx-framework\src\traditional\proc\p18f2520.asm
                 __AARGB0   0x000009       data     extern E:\3.46\pic18-lt\cxx-framework\src\traditional\math\aarg.asm
                 __AARGB1   0x000008       data     extern E:\3.46\pic18-lt\cxx-framework\src\traditional\math\aarg.asm
                 __AARGB2   0x000007       data     extern E:\3.46\pic18-lt\cxx-framework\src\traditional\math\aarg.asm
                 __AARGB3   0x000006       data     extern E:\3.46\pic18-lt\cxx-framework\src\traditional\math\aarg.asm
                 __AARGB4   0x000005       data     extern E:\3.46\pic18-lt\cxx-framework\src\traditional\math\aarg.asm
                 __AARGB5   0x000004       data     extern E:\3.46\pic18-lt\cxx-framework\src\traditional\math\aarg.asm
                 __AARGB6   0x000003       data     extern E:\3.46\pic18-lt\cxx-framework\src\traditional\math\aarg.asm
                 __AARGB7   0x000002       data     extern E:\3.46\pic18-lt\cxx-framework\src\traditional\math\aarg.asm
                   __AEXP   0x00000a       data     extern E:\3.46\pic18-lt\cxx-framework\src\traditional\math\aarg.asm
                 __BARGB0   0x00000e       data     extern E:\3.46\pic18-lt\cxx-framework\src\traditional\math\barg.asm
                 __BARGB1   0x00000d       data     extern E:\3.46\pic18-lt\cxx-framework\src\traditional\math\barg.asm
                 __BARGB2   0x00000c       data     extern E:\3.46\pic18-lt\cxx-framework\src\traditional\math\barg.asm
                 __BARGB3   0x00000b       data     extern E:\3.46\pic18-lt\cxx-framework\src\traditional\math\barg.asm
                   __BEXP   0x00000f       data     extern E:\3.46\pic18-lt\cxx-framework\src\traditional\math\barg.asm
                __FPFLAGS   0x000001       data     extern E:\3.46\pic18-lt\cxx-framework\src\traditional\math\cmath18.asm
            __FPFLAGSbits   0x000001       data     extern E:\3.46\pic18-lt\cxx-framework\src\traditional\math\cmath18.asm
                  __REMB0   0x000005       data     extern E:\3.46\pic18-lt\cxx-framework\src\traditional\math\aarg.asm
                  __REMB1   0x000004       data     extern E:\3.46\pic18-lt\cxx-framework\src\traditional\math\aarg.asm
                  __REMB2   0x000003       data     extern E:\3.46\pic18-lt\cxx-framework\src\traditional\math\aarg.asm
                  __REMB3   0x000002       data     extern E:\3.46\pic18-lt\cxx-framework\src\traditional\math\aarg.asm
                   __TEMP   0x000013       data     extern E:\3.46\pic18-lt\cxx-framework\src\traditional\math\temparg.asm
                 __TEMPB0   0x000013       data     extern E:\3.46\pic18-lt\cxx-framework\src\traditional\math\temparg.asm
                 __TEMPB1   0x000012       data     extern E:\3.46\pic18-lt\cxx-framework\src\traditional\math\temparg.asm
                 __TEMPB2   0x000011       data     extern E:\3.46\pic18-lt\cxx-framework\src\traditional\math\temparg.asm
                 __TEMPB3   0x000010       data     extern E:\3.46\pic18-lt\cxx-framework\src\traditional\math\temparg.asm
                  __tmp_0   0x000014       data     static E:\3.46\pic18-lt\cxx-framework\src\pmc_common\i2c\i2c_eerr.c
                  __tmp_0   0x000014       data     static E:\3.46\pic18-lt\cxx-framework\src\traditional\stdclib\printf.c
                  __tmp_0   0x000014       data     static E:\3.46\pic18-lt\cxx-framework\src\traditional\stdclib\vfprintf.c
                  __tmp_0   0x000014       data     static E:\3.46\pic18-lt\cxx-framework\src\traditional\stdclib\putc.c
                  __tmp_0   0x000014       data     static C:\Users\julie\Documents\Education\Universitaire\Mines de Saint-Etienne ISMIN\Semestre 6\Projet Robot\TP\PJ_9.X\initialisation.c
                  __tmp_0   0x000014       data     static C:\Users\julie\Documents\Education\Universitaire\Mines de Saint-Etienne ISMIN\Semestre 6\Projet Robot\TP\PJ_9.X\main.c
                  __tmp_0   0x000014       data     static C:\Users\julie\Documents\Education\Universitaire\Mines de Saint-Etienne ISMIN\Semestre 6\Projet Robot\TP\PJ_9.X\MI2C.c
                  __tmp_0   0x000014       data     static C:\Users\julie\Documents\Education\Universitaire\Mines de Saint-Etienne ISMIN\Semestre 6\Projet Robot\TP\PJ_9.X\coreFunctions.c
                  __tmp_1   0x00001c       data     static C:\Users\julie\Documents\Education\Universitaire\Mines de Saint-Etienne ISMIN\Semestre 6\Projet Robot\TP\PJ_9.X\interruption.c
       arret_telecommande   0x000178       data     extern C:\Users\julie\Documents\Education\Universitaire\Mines de Saint-Etienne ISMIN\Semestre 6\Projet Robot\TP\PJ_9.X\interruption.c
           avancer_IR_msg   0x000196       data     extern C:\Users\julie\Documents\Education\Universitaire\Mines de Saint-Etienne ISMIN\Semestre 6\Projet Robot\TP\PJ_9.X\interruption.c
            avancer_objet   0x0001fd       data     extern C:\Users\julie\Documents\Education\Universitaire\Mines de Saint-Etienne ISMIN\Semestre 6\Projet Robot\TP\PJ_9.X\main.c
                    avant   0x0001bc       data     extern C:\Users\julie\Documents\Education\Universitaire\Mines de Saint-Etienne ISMIN\Semestre 6\Projet Robot\TP\PJ_9.X\interruption.c
                      bat   0x0001ca       data     extern C:\Users\julie\Documents\Education\Universitaire\Mines de Saint-Etienne ISMIN\Semestre 6\Projet Robot\TP\PJ_9.X\interruption.c
                   boucle   0x000296       data     extern C:\Users\julie\Documents\Education\Universitaire\Mines de Saint-Etienne ISMIN\Semestre 6\Projet Robot\TP\PJ_9.X\main.c
               boucle_msg   0x00029c       data     extern C:\Users\julie\Documents\Education\Universitaire\Mines de Saint-Etienne ISMIN\Semestre 6\Projet Robot\TP\PJ_9.X\main.c
                cmpt_batt   0x0001b6       data     extern C:\Users\julie\Documents\Education\Universitaire\Mines de Saint-Etienne ISMIN\Semestre 6\Projet Robot\TP\PJ_9.X\interruption.c
                      cpt   0x0001be       data     extern C:\Users\julie\Documents\Education\Universitaire\Mines de Saint-Etienne ISMIN\Semestre 6\Projet Robot\TP\PJ_9.X\interruption.c
                curr_byte   0x0002c0       data     static E:\3.46\pic18-lt\cxx-framework\src\traditional\startup\c018i.c
               curr_entry   0x0002c2       data     static E:\3.46\pic18-lt\cxx-framework\src\traditional\startup\c018i.c
                 data_ptr   0x0002c4       data     static E:\3.46\pic18-lt\cxx-framework\src\traditional\startup\c018i.c
                 distance   0x0001c0       data     extern C:\Users\julie\Documents\Education\Universitaire\Mines de Saint-Etienne ISMIN\Semestre 6\Projet Robot\TP\PJ_9.X\interruption.c
              distance_IR   0x0001d2       data     extern C:\Users\julie\Documents\Education\Universitaire\Mines de Saint-Etienne ISMIN\Semestre 6\Projet Robot\TP\PJ_9.X\coreFunctions.c
         dutyCycleMoteurD   0x00028a       data     extern C:\Users\julie\Documents\Education\Universitaire\Mines de Saint-Etienne ISMIN\Semestre 6\Projet Robot\TP\PJ_9.X\main.c
         dutyCycleMoteurG   0x00028c       data     extern C:\Users\julie\Documents\Education\Universitaire\Mines de Saint-Etienne ISMIN\Semestre 6\Projet Robot\TP\PJ_9.X\main.c
           dutyCycleServo   0x00028e       data     extern C:\Users\julie\Documents\Education\Universitaire\Mines de Saint-Etienne ISMIN\Semestre 6\Projet Robot\TP\PJ_9.X\main.c
                        i   0x0001b8       data     extern C:\Users\julie\Documents\Education\Universitaire\Mines de Saint-Etienne ISMIN\Semestre 6\Projet Robot\TP\PJ_9.X\interruption.c
               i2c_isUsed   0x0002bc       data     extern C:\Users\julie\Documents\Education\Universitaire\Mines de Saint-Etienne ISMIN\Semestre 6\Projet Robot\TP\PJ_9.X\main.c
                   i_tour   0x000282       data     extern C:\Users\julie\Documents\Education\Universitaire\Mines de Saint-Etienne ISMIN\Semestre 6\Projet Robot\TP\PJ_9.X\coreFunctions.c
                  ird_val   0x000202       data     extern C:\Users\julie\Documents\Education\Universitaire\Mines de Saint-Etienne ISMIN\Semestre 6\Projet Robot\TP\PJ_9.X\coreFunctions.c
                ird_value   0x0001c6       data     extern C:\Users\julie\Documents\Education\Universitaire\Mines de Saint-Etienne ISMIN\Semestre 6\Projet Robot\TP\PJ_9.X\interruption.c
                  irg_val   0x000200       data     extern C:\Users\julie\Documents\Education\Universitaire\Mines de Saint-Etienne ISMIN\Semestre 6\Projet Robot\TP\PJ_9.X\coreFunctions.c
                irg_value   0x0001c4       data     extern C:\Users\julie\Documents\Education\Universitaire\Mines de Saint-Etienne ISMIN\Semestre 6\Projet Robot\TP\PJ_9.X\interruption.c
                        j   0x0001ba       data     extern C:\Users\julie\Documents\Education\Universitaire\Mines de Saint-Etienne ISMIN\Semestre 6\Projet Robot\TP\PJ_9.X\interruption.c
                      led   0x0002ba       data     extern C:\Users\julie\Documents\Education\Universitaire\Mines de Saint-Etienne ISMIN\Semestre 6\Projet Robot\TP\PJ_9.X\main.c
                   marche   0x000284       data     extern C:\Users\julie\Documents\Education\Universitaire\Mines de Saint-Etienne ISMIN\Semestre 6\Projet Robot\TP\PJ_9.X\main.c
           meilleur_choix   0x000280       data     extern C:\Users\julie\Documents\Education\Universitaire\Mines de Saint-Etienne ISMIN\Semestre 6\Projet Robot\TP\PJ_9.X\coreFunctions.c
                  message   0x000204       data     extern C:\Users\julie\Documents\Education\Universitaire\Mines de Saint-Etienne ISMIN\Semestre 6\Projet Robot\TP\PJ_9.X\coreFunctions.c
             message_batt   0x00013c       data     extern C:\Users\julie\Documents\Education\Universitaire\Mines de Saint-Etienne ISMIN\Semestre 6\Projet Robot\TP\PJ_9.X\interruption.c
         message_batt_bad   0x00015a       data     extern C:\Users\julie\Documents\Education\Universitaire\Mines de Saint-Etienne ISMIN\Semestre 6\Projet Robot\TP\PJ_9.X\interruption.c
              message_bis   0x000222       data     extern C:\Users\julie\Documents\Education\Universitaire\Mines de Saint-Etienne ISMIN\Semestre 6\Projet Robot\TP\PJ_9.X\coreFunctions.c
              message_fin   0x00011e       data     extern C:\Users\julie\Documents\Education\Universitaire\Mines de Saint-Etienne ISMIN\Semestre 6\Projet Robot\TP\PJ_9.X\interruption.c
             message_init   0x000240       data     extern C:\Users\julie\Documents\Education\Universitaire\Mines de Saint-Etienne ISMIN\Semestre 6\Projet Robot\TP\PJ_9.X\coreFunctions.c
              message_led   0x00025e       data     extern C:\Users\julie\Documents\Education\Universitaire\Mines de Saint-Etienne ISMIN\Semestre 6\Projet Robot\TP\PJ_9.X\coreFunctions.c
               moyenne_IR   0x0001d9       data     extern C:\Users\julie\Documents\Education\Universitaire\Mines de Saint-Etienne ISMIN\Semestre 6\Projet Robot\TP\PJ_9.X\coreFunctions.c
                nbVmesure   0x000285       data     extern C:\Users\julie\Documents\Education\Universitaire\Mines de Saint-Etienne ISMIN\Semestre 6\Projet Robot\TP\PJ_9.X\main.c
       ordre_telecommande   0x0001d4       data     extern C:\Users\julie\Documents\Education\Universitaire\Mines de Saint-Etienne ISMIN\Semestre 6\Projet Robot\TP\PJ_9.X\coreFunctions.c
              position_IR   0x00029a       data     extern C:\Users\julie\Documents\Education\Universitaire\Mines de Saint-Etienne ISMIN\Semestre 6\Projet Robot\TP\PJ_9.X\main.c
                     prom   0x0002bd       data     static E:\3.46\pic18-lt\cxx-framework\src\traditional\startup\c018i.c
                   stdout   0x0002c7       data     extern E:\3.46\pic18-lt\cxx-framework\src\traditional\stdclib\stdout.c
                      str   0x000100       data     extern C:\Users\julie\Documents\Education\Universitaire\Mines de Saint-Etienne ISMIN\Semestre 6\Projet Robot\TP\PJ_9.X\interruption.c
            temporisation   0x0001c2       data     extern C:\Users\julie\Documents\Education\Universitaire\Mines de Saint-Etienne ISMIN\Semestre 6\Projet Robot\TP\PJ_9.X\interruption.c
                     test   0x00027c       data     extern C:\Users\julie\Documents\Education\Universitaire\Mines de Saint-Etienne ISMIN\Semestre 6\Projet Robot\TP\PJ_9.X\coreFunctions.c
              timer1ticks   0x000292       data     extern C:\Users\julie\Documents\Education\Universitaire\Mines de Saint-Etienne ISMIN\Semestre 6\Projet Robot\TP\PJ_9.X\main.c
                      tmp   0x000298       data     extern C:\Users\julie\Documents\Education\Universitaire\Mines de Saint-Etienne ISMIN\Semestre 6\Projet Robot\TP\PJ_9.X\main.c
                   touche   0x0001d6       data     extern C:\Users\julie\Documents\Education\Universitaire\Mines de Saint-Etienne ISMIN\Semestre 6\Projet Robot\TP\PJ_9.X\coreFunctions.c
                     tour   0x00027e       data     extern C:\Users\julie\Documents\Education\Universitaire\Mines de Saint-Etienne ISMIN\Semestre 6\Projet Robot\TP\PJ_9.X\coreFunctions.c
                    ubatt   0x0001c8       data     extern C:\Users\julie\Documents\Education\Universitaire\Mines de Saint-Etienne ISMIN\Semestre 6\Projet Robot\TP\PJ_9.X\interruption.c
                     vbat   0x000286       data     extern C:\Users\julie\Documents\Education\Universitaire\Mines de Saint-Etienne ISMIN\Semestre 6\Projet Robot\TP\PJ_9.X\main.c
             vbat_receive   0x0001b4       data     extern C:\Users\julie\Documents\Education\Universitaire\Mines de Saint-Etienne ISMIN\Semestre 6\Projet Robot\TP\PJ_9.X\interruption.c



                              Symbols - Sorted by Address
                     Name    Address   Location    Storage File                     
                ---------  ---------  ---------  --------- ---------                
                   _entry   0x000000    program     extern E:\3.46\pic18-lt\cxx-framework\src\traditional\startup\c018i.c
       ___return_lbl00000   0x000004    program     static                          
               _user_putc   0x000006    program     extern E:\3.46\pic18-lt\cxx-framework\src\traditional\stdclib\_user_putc.c
            IntHighVector   0x000008    program     extern C:\Users\julie\Documents\Education\Universitaire\Mines de Saint-Etienne ISMIN\Semestre 6\Projet Robot\TP\PJ_9.X\interruption.c
       ___return_lbl00000   0x00000c    program     static                          
            s_put_n_chars   0x000040    program     static E:\3.46\pic18-lt\cxx-framework\src\traditional\stdclib\vfprintf.c
                 vfprintf   0x00006c    program     extern E:\3.46\pic18-lt\cxx-framework\src\traditional\stdclib\vfprintf.c
              __tmplbl_85   0x000096    program     static                          
              __tmplbl_44   0x000944    program     static                          
              __tmplbl_43   0x00095e    program     static                          
                   __pa_0   0x000980    program     static E:\3.46\pic18-lt\cxx-framework\src\traditional\stdclib\vfprintf.c
                   __pa_1   0x000988    program     static E:\3.46\pic18-lt\cxx-framework\src\traditional\stdclib\vfprintf.c
                   __pa_2   0x000992    program     static E:\3.46\pic18-lt\cxx-framework\src\traditional\stdclib\vfprintf.c
                   __pa_3   0x00099c    program     static E:\3.46\pic18-lt\cxx-framework\src\traditional\stdclib\vfprintf.c
                   __pa_4   0x0009b4    program     static E:\3.46\pic18-lt\cxx-framework\src\traditional\stdclib\vfprintf.c
                   __pa_5   0x0009c8    program     static E:\3.46\pic18-lt\cxx-framework\src\traditional\stdclib\vfprintf.c
                   __pa_6   0x0009e4    program     static E:\3.46\pic18-lt\cxx-framework\src\traditional\stdclib\vfprintf.c
                   __pa_7   0x0009ee    program     static E:\3.46\pic18-lt\cxx-framework\src\traditional\stdclib\vfprintf.c
                   __pa_8   0x0009fa    program     static E:\3.46\pic18-lt\cxx-framework\src\traditional\stdclib\vfprintf.c
                   __pa_9   0x000a1c    program     static E:\3.46\pic18-lt\cxx-framework\src\traditional\stdclib\vfprintf.c
                  __pa_10   0x000a3c    program     static E:\3.46\pic18-lt\cxx-framework\src\traditional\stdclib\vfprintf.c
                  __pa_11   0x000a4a    program     static E:\3.46\pic18-lt\cxx-framework\src\traditional\stdclib\vfprintf.c
                  __pa_12   0x000a60    program     static E:\3.46\pic18-lt\cxx-framework\src\traditional\stdclib\vfprintf.c
                  __pa_13   0x000a7a    program     static E:\3.46\pic18-lt\cxx-framework\src\traditional\stdclib\vfprintf.c
                  __pa_14   0x000a92    program     static E:\3.46\pic18-lt\cxx-framework\src\traditional\stdclib\vfprintf.c
                  __pa_15   0x000aa2    program     static E:\3.46\pic18-lt\cxx-framework\src\traditional\stdclib\vfprintf.c
                  __pa_16   0x000ab8    program     static E:\3.46\pic18-lt\cxx-framework\src\traditional\stdclib\vfprintf.c
                  __pa_17   0x000aca    program     static E:\3.46\pic18-lt\cxx-framework\src\traditional\stdclib\vfprintf.c
                  __pa_18   0x000adc    program     static E:\3.46\pic18-lt\cxx-framework\src\traditional\stdclib\vfprintf.c
                  __pa_19   0x000ae6    program     static E:\3.46\pic18-lt\cxx-framework\src\traditional\stdclib\vfprintf.c
                  __pa_20   0x000af6    program     static E:\3.46\pic18-lt\cxx-framework\src\traditional\stdclib\vfprintf.c
                  __pa_21   0x000b06    program     static E:\3.46\pic18-lt\cxx-framework\src\traditional\stdclib\vfprintf.c
              __tmplbl_42   0x000b16    program     static                          
                  __pa_22   0x000b16    program     static E:\3.46\pic18-lt\cxx-framework\src\traditional\stdclib\vfprintf.c
                  __pa_23   0x000b22    program     static E:\3.46\pic18-lt\cxx-framework\src\traditional\stdclib\vfprintf.c
                  __pa_24   0x000b30    program     static E:\3.46\pic18-lt\cxx-framework\src\traditional\stdclib\vfprintf.c
                  __pa_25   0x000b38    program     static E:\3.46\pic18-lt\cxx-framework\src\traditional\stdclib\vfprintf.c
                  __pa_26   0x000b42    program     static E:\3.46\pic18-lt\cxx-framework\src\traditional\stdclib\vfprintf.c
                  __pa_27   0x000b4c    program     static E:\3.46\pic18-lt\cxx-framework\src\traditional\stdclib\vfprintf.c
                  __pa_28   0x000b54    program     static E:\3.46\pic18-lt\cxx-framework\src\traditional\stdclib\vfprintf.c
                  __pa_29   0x000b62    program     static E:\3.46\pic18-lt\cxx-framework\src\traditional\stdclib\vfprintf.c
                  __pa_30   0x000b7e    program     static E:\3.46\pic18-lt\cxx-framework\src\traditional\stdclib\vfprintf.c
                  __pa_31   0x000b98    program     static E:\3.46\pic18-lt\cxx-framework\src\traditional\stdclib\vfprintf.c
                  __pa_32   0x000bb2    program     static E:\3.46\pic18-lt\cxx-framework\src\traditional\stdclib\vfprintf.c
                  __pa_33   0x000bca    program     static E:\3.46\pic18-lt\cxx-framework\src\traditional\stdclib\vfprintf.c
                  __pa_34   0x000bd4    program     static E:\3.46\pic18-lt\cxx-framework\src\traditional\stdclib\vfprintf.c
                  __pa_35   0x000be2    program     static E:\3.46\pic18-lt\cxx-framework\src\traditional\stdclib\vfprintf.c
                  __pa_36   0x000bea    program     static E:\3.46\pic18-lt\cxx-framework\src\traditional\stdclib\vfprintf.c
                  __pa_37   0x000bf4    program     static E:\3.46\pic18-lt\cxx-framework\src\traditional\stdclib\vfprintf.c
                  __pa_38   0x000c04    program     static E:\3.46\pic18-lt\cxx-framework\src\traditional\stdclib\vfprintf.c
                  __pa_39   0x000c12    program     static E:\3.46\pic18-lt\cxx-framework\src\traditional\stdclib\vfprintf.c
                  __pa_40   0x000c1e    program     static E:\3.46\pic18-lt\cxx-framework\src\traditional\stdclib\vfprintf.c
                  __pa_41   0x000c2a    program     static E:\3.46\pic18-lt\cxx-framework\src\traditional\stdclib\vfprintf.c
                  __pa_42   0x000c32    program     static E:\3.46\pic18-lt\cxx-framework\src\traditional\stdclib\vfprintf.c
                  __pa_43   0x000c3c    program     static E:\3.46\pic18-lt\cxx-framework\src\traditional\stdclib\vfprintf.c
                  __pa_44   0x000c42    program     static E:\3.46\pic18-lt\cxx-framework\src\traditional\stdclib\vfprintf.c
                  __pa_45   0x000c4c    program     static E:\3.46\pic18-lt\cxx-framework\src\traditional\stdclib\vfprintf.c
                  __pa_46   0x000c58    program     static E:\3.46\pic18-lt\cxx-framework\src\traditional\stdclib\vfprintf.c
     initialisation_total   0x000c62    program     extern C:\Users\julie\Documents\Education\Universitaire\Mines de Saint-Etienne ISMIN\Semestre 6\Projet Robot\TP\PJ_9.X\coreFunctions.c
                    tempo   0x000ca8    program     extern C:\Users\julie\Documents\Education\Universitaire\Mines de Saint-Etienne ISMIN\Semestre 6\Projet Robot\TP\PJ_9.X\coreFunctions.c
               ecrireChar   0x000ccc    program     extern C:\Users\julie\Documents\Education\Universitaire\Mines de Saint-Etienne ISMIN\Semestre 6\Projet Robot\TP\PJ_9.X\coreFunctions.c
[...]
                    TRISA   0x000f92       data     extern E:\3.46\pic18-lt\cxx-framework\src\traditional\proc\p18f2520.asm
                TRISAbits   0x000f92       data     extern E:\3.46\pic18-lt\cxx-framework\src\traditional\proc\p18f2520.asm
                     DDRB   0x000f93       data     extern E:\3.46\pic18-lt\cxx-framework\src\traditional\proc\p18f2520.asm
                 DDRBbits   0x000f93       data     extern E:\3.46\pic18-lt\cxx-framework\src\traditional\proc\p18f2520.asm
                    TRISB   0x000f93       data     extern E:\3.46\pic18-lt\cxx-framework\src\traditional\proc\p18f2520.asm
                TRISBbits   0x000f93       data     extern E:\3.46\pic18-lt\cxx-framework\src\traditional\proc\p18f2520.asm
                     DDRC   0x000f94       data     extern E:\3.46\pic18-lt\cxx-framework\src\traditional\proc\p18f2520.asm
                 DDRCbits   0x000f94       data     extern E:\3.46\pic18-lt\cxx-framework\src\traditional\proc\p18f2520.asm
                    TRISC   0x000f94       data     extern E:\3.46\pic18-lt\cxx-framework\src\traditional\proc\p18f2520.asm
                TRISCbits   0x000f94       data     extern E:\3.46\pic18-lt\cxx-framework\src\traditional\proc\p18f2520.asm
                  OSCTUNE   0x000f9b       data     extern E:\3.46\pic18-lt\cxx-framework\src\traditional\proc\p18f2520.asm
              OSCTUNEbits   0x000f9b       data     extern E:\3.46\pic18-lt\cxx-framework\src\traditional\proc\p18f2520.asm
                     PIE1   0x000f9d       data     extern E:\3.46\pic18-lt\cxx-framework\src\traditional\proc\p18f2520.asm
                 PIE1bits   0x000f9d       data     extern E:\3.46\pic18-lt\cxx-framework\src\traditional\proc\p18f2520.asm
                 PIR1bits   0x000f9e       data     extern E:\3.46\pic18-lt\cxx-framework\src\traditional\proc\p18f2520.asm
                     PIR1   0x000f9e       data     extern E:\3.46\pic18-lt\cxx-framework\src\traditional\proc\p18f2520.asm
                 IPR1bits   0x000f9f       data     extern E:\3.46\pic18-lt\cxx-framework\src\traditional\proc\p18f2520.asm
                     IPR1   0x000f9f       data     extern E:\3.46\pic18-lt\cxx-framework\src\traditional\proc\p18f2520.asm
                 PIE2bits   0x000fa0       data     extern E:\3.46\pic18-lt\cxx-framework\src\traditional\proc\p18f2520.asm
                     PIE2   0x000fa0       data     extern E:\3.46\pic18-lt\cxx-framework\src\traditional\proc\p18f2520.asm
                     PIR2   0x000fa1       data     extern E:\3.46\pic18-lt\cxx-framework\src\traditional\proc\p18f2520.asm
                 PIR2bits   0x000fa1       data     extern E:\3.46\pic18-lt\cxx-framework\src\traditional\proc\p18f2520.asm
                     IPR2   0x000fa2       data     extern E:\3.46\pic18-lt\cxx-framework\src\traditional\proc\p18f2520.asm
                 IPR2bits   0x000fa2       data     extern E:\3.46\pic18-lt\cxx-framework\src\traditional\proc\p18f2520.asm
                   EECON1   0x000fa6       data     extern E:\3.46\pic18-lt\cxx-framework\src\traditional\proc\p18f2520.asm
               EECON1bits   0x000fa6       data     extern E:\3.46\pic18-lt\cxx-framework\src\traditional\proc\p18f2520.asm
                   EECON2   0x000fa7       data     extern E:\3.46\pic18-lt\cxx-framework\src\traditional\proc\p18f2520.asm
                   EEDATA   0x000fa8       data     extern E:\3.46\pic18-lt\cxx-framework\src\traditional\proc\p18f2520.asm
                    EEADR   0x000fa9       data     extern E:\3.46\pic18-lt\cxx-framework\src\traditional\proc\p18f2520.asm
                RCSTAbits   0x000fab       data     extern E:\3.46\pic18-lt\cxx-framework\src\traditional\proc\p18f2520.asm
                    RCSTA   0x000fab       data     extern E:\3.46\pic18-lt\cxx-framework\src\traditional\proc\p18f2520.asm
                TXSTAbits   0x000fac       data     extern E:\3.46\pic18-lt\cxx-framework\src\traditional\proc\p18f2520.asm
                    TXSTA   0x000fac       data     extern E:\3.46\pic18-lt\cxx-framework\src\traditional\proc\p18f2520.asm
                    TXREG   0x000fad       data     extern E:\3.46\pic18-lt\cxx-framework\src\traditional\proc\p18f2520.asm
                    RCREG   0x000fae       data     extern E:\3.46\pic18-lt\cxx-framework\src\traditional\proc\p18f2520.asm
                    SPBRG   0x000faf       data     extern E:\3.46\pic18-lt\cxx-framework\src\traditional\proc\p18f2520.asm
                   SPBRGH   0x000fb0       data     extern E:\3.46\pic18-lt\cxx-framework\src\traditional\proc\p18f2520.asm
                    T3CON   0x000fb1       data     extern E:\3.46\pic18-lt\cxx-framework\src\traditional\proc\p18f2520.asm
                T3CONbits   0x000fb1       data     extern E:\3.46\pic18-lt\cxx-framework\src\traditional\proc\p18f2520.asm
                    TMR3L   0x000fb2       data     extern E:\3.46\pic18-lt\cxx-framework\src\traditional\proc\p18f2520.asm
                    TMR3H   0x000fb3       data     extern E:\3.46\pic18-lt\cxx-framework\src\traditional\proc\p18f2520.asm
                    CMCON   0x000fb4       data     extern E:\3.46\pic18-lt\cxx-framework\src\traditional\proc\p18f2520.asm
                CMCONbits   0x000fb4       data     extern E:\3.46\pic18-lt\cxx-framework\src\traditional\proc\p18f2520.asm
                   CVRCON   0x000fb5       data     extern E:\3.46\pic18-lt\cxx-framework\src\traditional\proc\p18f2520.asm
               CVRCONbits   0x000fb5       data     extern E:\3.46\pic18-lt\cxx-framework\src\traditional\proc\p18f2520.asm
                   ECCPAS   0x000fb6       data     extern E:\3.46\pic18-lt\cxx-framework\src\traditional\proc\p18f2520.asm
              ECCP1ASbits   0x000fb6       data     extern E:\3.46\pic18-lt\cxx-framework\src\traditional\proc\p18f2520.asm
                  ECCP1AS   0x000fb6       data     extern E:\3.46\pic18-lt\cxx-framework\src\traditional\proc\p18f2520.asm
               ECCPASbits   0x000fb6       data     extern E:\3.46\pic18-lt\cxx-framework\src\traditional\proc\p18f2520.asm
                 ECCP1DEL   0x000fb7       data     extern E:\3.46\pic18-lt\cxx-framework\src\traditional\proc\p18f2520.asm
                  PWM1CON   0x000fb7       data     extern E:\3.46\pic18-lt\cxx-framework\src\traditional\proc\p18f2520.asm
              PWM1CONbits   0x000fb7       data     extern E:\3.46\pic18-lt\cxx-framework\src\traditional\proc\p18f2520.asm
             ECCP1DELbits   0x000fb7       data     extern E:\3.46\pic18-lt\cxx-framework\src\traditional\proc\p18f2520.asm
              BAUDCTLbits   0x000fb8       data     extern E:\3.46\pic18-lt\cxx-framework\src\traditional\proc\p18f2520.asm
                  BAUDCTL   0x000fb8       data     extern E:\3.46\pic18-lt\cxx-framework\src\traditional\proc\p18f2520.asm
                  BAUDCON   0x000fb8       data     extern E:\3.46\pic18-lt\cxx-framework\src\traditional\proc\p18f2520.asm
              BAUDCONbits   0x000fb8       data     extern E:\3.46\pic18-lt\cxx-framework\src\traditional\proc\p18f2520.asm
              CCP2CONbits   0x000fba       data     extern E:\3.46\pic18-lt\cxx-framework\src\traditional\proc\p18f2520.asm
                  CCP2CON   0x000fba       data     extern E:\3.46\pic18-lt\cxx-framework\src\traditional\proc\p18f2520.asm
                    CCPR2   0x000fbb       data     extern E:\3.46\pic18-lt\cxx-framework\src\traditional\proc\p18f2520.asm
                   CCPR2L   0x000fbb       data     extern E:\3.46\pic18-lt\cxx-framework\src\traditional\proc\p18f2520.asm
                   CCPR2H   0x000fbc       data     extern E:\3.46\pic18-lt\cxx-framework\src\traditional\proc\p18f2520.asm
              CCP1CONbits   0x000fbd       data     extern E:\3.46\pic18-lt\cxx-framework\src\traditional\proc\p18f2520.asm
                  CCP1CON   0x000fbd       data     extern E:\3.46\pic18-lt\cxx-framework\src\traditional\proc\p18f2520.asm
                    CCPR1   0x000fbe       data     extern E:\3.46\pic18-lt\cxx-framework\src\traditional\proc\p18f2520.asm
                   CCPR1L   0x000fbe       data     extern E:\3.46\pic18-lt\cxx-framework\src\traditional\proc\p18f2520.asm
                   CCPR1H   0x000fbf       data     extern E:\3.46\pic18-lt\cxx-framework\src\traditional\proc\p18f2520.asm
                   ADCON2   0x000fc0       data     extern E:\3.46\pic18-lt\cxx-framework\src\traditional\proc\p18f2520.asm
               ADCON2bits   0x000fc0       data     extern E:\3.46\pic18-lt\cxx-framework\src\traditional\proc\p18f2520.asm
               ADCON1bits   0x000fc1       data     extern E:\3.46\pic18-lt\cxx-framework\src\traditional\proc\p18f2520.asm
                   ADCON1   0x000fc1       data     extern E:\3.46\pic18-lt\cxx-framework\src\traditional\proc\p18f2520.asm
                   ADCON0   0x000fc2       data     extern E:\3.46\pic18-lt\cxx-framework\src\traditional\proc\p18f2520.asm
               ADCON0bits   0x000fc2       data     extern E:\3.46\pic18-lt\cxx-framework\src\traditional\proc\p18f2520.asm
                    ADRES   0x000fc3       data     extern E:\3.46\pic18-lt\cxx-framework\src\traditional\proc\p18f2520.asm
                   ADRESL   0x000fc3       data     extern E:\3.46\pic18-lt\cxx-framework\src\traditional\proc\p18f2520.asm
                   ADRESH   0x000fc4       data     extern E:\3.46\pic18-lt\cxx-framework\src\traditional\proc\p18f2520.asm
                  SSPCON2   0x000fc5       data     extern E:\3.46\pic18-lt\cxx-framework\src\traditional\proc\p18f2520.asm
              SSPCON2bits   0x000fc5       data     extern E:\3.46\pic18-lt\cxx-framework\src\traditional\proc\p18f2520.asm
                  SSPCON1   0x000fc6       data     extern E:\3.46\pic18-lt\cxx-framework\src\traditional\proc\p18f2520.asm
              SSPCON1bits   0x000fc6       data     extern E:\3.46\pic18-lt\cxx-framework\src\traditional\proc\p18f2520.asm
                  SSPSTAT   0x000fc7       data     extern E:\3.46\pic18-lt\cxx-framework\src\traditional\proc\p18f2520.asm
              SSPSTATbits   0x000fc7       data     extern E:\3.46\pic18-lt\cxx-framework\src\traditional\proc\p18f2520.asm
                   SSPADD   0x000fc8       data     extern E:\3.46\pic18-lt\cxx-framework\src\traditional\proc\p18f2520.asm
                   SSPBUF   0x000fc9       data     extern E:\3.46\pic18-lt\cxx-framework\src\traditional\proc\p18f2520.asm
                    T2CON   0x000fca       data     extern E:\3.46\pic18-lt\cxx-framework\src\traditional\proc\p18f2520.asm
                T2CONbits   0x000fca       data     extern E:\3.46\pic18-lt\cxx-framework\src\traditional\proc\p18f2520.asm
                      PR2   0x000fcb       data     extern E:\3.46\pic18-lt\cxx-framework\src\traditional\proc\p18f2520.asm
                     TMR2   0x000fcc       data     extern E:\3.46\pic18-lt\cxx-framework\src\traditional\proc\p18f2520.asm
                T1CONbits   0x000fcd       data     extern E:\3.46\pic18-lt\cxx-framework\src\traditional\proc\p18f2520.asm
                    T1CON   0x000fcd       data     extern E:\3.46\pic18-lt\cxx-framework\src\traditional\proc\p18f2520.asm
                    TMR1L   0x000fce       data     extern E:\3.46\pic18-lt\cxx-framework\src\traditional\proc\p18f2520.asm
                    TMR1H   0x000fcf       data     extern E:\3.46\pic18-lt\cxx-framework\src\traditional\proc\p18f2520.asm
                     RCON   0x000fd0       data     extern E:\3.46\pic18-lt\cxx-framework\src\traditional\proc\p18f2520.asm
                 RCONbits   0x000fd0       data     extern E:\3.46\pic18-lt\cxx-framework\src\traditional\proc\p18f2520.asm
                   WDTCON   0x000fd1       data     extern E:\3.46\pic18-lt\cxx-framework\src\traditional\proc\p18f2520.asm
               WDTCONbits   0x000fd1       data     extern E:\3.46\pic18-lt\cxx-framework\src\traditional\proc\p18f2520.asm
               LVDCONbits   0x000fd2       data     extern E:\3.46\pic18-lt\cxx-framework\src\traditional\proc\p18f2520.asm
                   LVDCON   0x000fd2       data     extern E:\3.46\pic18-lt\cxx-framework\src\traditional\proc\p18f2520.asm
              HLVDCONbits   0x000fd2       data     extern E:\3.46\pic18-lt\cxx-framework\src\traditional\proc\p18f2520.asm
                  HLVDCON   0x000fd2       data     extern E:\3.46\pic18-lt\cxx-framework\src\traditional\proc\p18f2520.asm
               OSCCONbits   0x000fd3       data     extern E:\3.46\pic18-lt\cxx-framework\src\traditional\proc\p18f2520.asm
                   OSCCON   0x000fd3       data     extern E:\3.46\pic18-lt\cxx-framework\src\traditional\proc\p18f2520.asm
                T0CONbits   0x000fd5       data     extern E:\3.46\pic18-lt\cxx-framework\src\traditional\proc\p18f2520.asm
                    T0CON   0x000fd5       data     extern E:\3.46\pic18-lt\cxx-framework\src\traditional\proc\p18f2520.asm
                    TMR0L   0x000fd6       data     extern E:\3.46\pic18-lt\cxx-framework\src\traditional\proc\p18f2520.asm
                    TMR0H   0x000fd7       data     extern E:\3.46\pic18-lt\cxx-framework\src\traditional\proc\p18f2520.asm
                   STATUS   0x000fd8       data     extern E:\3.46\pic18-lt\cxx-framework\src\traditional\proc\p18f2520.asm
               STATUSbits   0x000fd8       data     extern E:\3.46\pic18-lt\cxx-framework\src\traditional\proc\p18f2520.asm
                    FSR2L   0x000fd9       data     extern E:\3.46\pic18-lt\cxx-framework\src\traditional\proc\p18f2520.asm
                     FSR2   0x000fd9       data     extern E:\3.46\pic18-lt\cxx-framework\src\traditional\proc\p18f2520.asm
                    FSR2H   0x000fda       data     extern E:\3.46\pic18-lt\cxx-framework\src\traditional\proc\p18f2520.asm
                   PLUSW2   0x000fdb       data     extern E:\3.46\pic18-lt\cxx-framework\src\traditional\proc\p18f2520.asm
                  PREINC2   0x000fdc       data     extern E:\3.46\pic18-lt\cxx-framework\src\traditional\proc\p18f2520.asm
                 POSTDEC2   0x000fdd       data     extern E:\3.46\pic18-lt\cxx-framework\src\traditional\proc\p18f2520.asm
                 POSTINC2   0x000fde       data     extern E:\3.46\pic18-lt\cxx-framework\src\traditional\proc\p18f2520.asm
                    INDF2   0x000fdf       data     extern E:\3.46\pic18-lt\cxx-framework\src\traditional\proc\p18f2520.asm
                      BSR   0x000fe0       data     extern E:\3.46\pic18-lt\cxx-framework\src\traditional\proc\p18f2520.asm
                    FSR1L   0x000fe1       data     extern E:\3.46\pic18-lt\cxx-framework\src\traditional\proc\p18f2520.asm
                     FSR1   0x000fe1       data     extern E:\3.46\pic18-lt\cxx-framework\src\traditional\proc\p18f2520.asm
                    FSR1H   0x000fe2       data     extern E:\3.46\pic18-lt\cxx-framework\src\traditional\proc\p18f2520.asm
                   PLUSW1   0x000fe3       data     extern E:\3.46\pic18-lt\cxx-framework\src\traditional\proc\p18f2520.asm
                  PREINC1   0x000fe4       data     extern E:\3.46\pic18-lt\cxx-framework\src\traditional\proc\p18f2520.asm
                 POSTDEC1   0x000fe5       data     extern E:\3.46\pic18-lt\cxx-framework\src\traditional\proc\p18f2520.asm
                 POSTINC1   0x000fe6       data     extern E:\3.46\pic18-lt\cxx-framework\src\traditional\proc\p18f2520.asm
                    INDF1   0x000fe7       data     extern E:\3.46\pic18-lt\cxx-framework\src\traditional\proc\p18f2520.asm
                     WREG   0x000fe8       data     extern E:\3.46\pic18-lt\cxx-framework\src\traditional\proc\p18f2520.asm
                        W   0x000fe8       data     extern E:\3.46\pic18-lt\cxx-framework\src\traditional\proc\p18f2520.asm
                     FSR0   0x000fe9       data     extern E:\3.46\pic18-lt\cxx-framework\src\traditional\proc\p18f2520.asm
                    FSR0L   0x000fe9       data     extern E:\3.46\pic18-lt\cxx-framework\src\traditional\proc\p18f2520.asm
                    FSR0H   0x000fea       data     extern E:\3.46\pic18-lt\cxx-framework\src\traditional\proc\p18f2520.asm
                   PLUSW0   0x000feb       data     extern E:\3.46\pic18-lt\cxx-framework\src\traditional\proc\p18f2520.asm
                  PREINC0   0x000fec       data     extern E:\3.46\pic18-lt\cxx-framework\src\traditional\proc\p18f2520.asm
                 POSTDEC0   0x000fed       data     extern E:\3.46\pic18-lt\cxx-framework\src\traditional\proc\p18f2520.asm
                 POSTINC0   0x000fee       data     extern E:\3.46\pic18-lt\cxx-framework\src\traditional\proc\p18f2520.asm
                    INDF0   0x000fef       data     extern E:\3.46\pic18-lt\cxx-framework\src\traditional\proc\p18f2520.asm
              INTCON3bits   0x000ff0       data     extern E:\3.46\pic18-lt\cxx-framework\src\traditional\proc\p18f2520.asm
                  INTCON3   0x000ff0       data     extern E:\3.46\pic18-lt\cxx-framework\src\traditional\proc\p18f2520.asm
              INTCON2bits   0x000ff1       data     extern E:\3.46\pic18-lt\cxx-framework\src\traditional\proc\p18f2520.asm
                  INTCON2   0x000ff1       data     extern E:\3.46\pic18-lt\cxx-framework\src\traditional\proc\p18f2520.asm
               INTCONbits   0x000ff2       data     extern E:\3.46\pic18-lt\cxx-framework\src\traditional\proc\p18f2520.asm
                   INTCON   0x000ff2       data     extern E:\3.46\pic18-lt\cxx-framework\src\traditional\proc\p18f2520.asm
                    PRODL   0x000ff3       data     extern E:\3.46\pic18-lt\cxx-framework\src\traditional\proc\p18f2520.asm
                     PROD   0x000ff3       data     extern E:\3.46\pic18-lt\cxx-framework\src\traditional\proc\p18f2520.asm
                    PRODH   0x000ff4       data     extern E:\3.46\pic18-lt\cxx-framework\src\traditional\proc\p18f2520.asm
                   TABLAT   0x000ff5       data     extern E:\3.46\pic18-lt\cxx-framework\src\traditional\proc\p18f2520.asm
                  TBLPTRL   0x000ff6       data     extern E:\3.46\pic18-lt\cxx-framework\src\traditional\proc\p18f2520.asm
                   TBLPTR   0x000ff6       data     extern E:\3.46\pic18-lt\cxx-framework\src\traditional\proc\p18f2520.asm
                  TBLPTRH   0x000ff7       data     extern E:\3.46\pic18-lt\cxx-framework\src\traditional\proc\p18f2520.asm
                  TBLPTRU   0x000ff8       data     extern E:\3.46\pic18-lt\cxx-framework\src\traditional\proc\p18f2520.asm
                       PC   0x000ff9       data     extern E:\3.46\pic18-lt\cxx-framework\src\traditional\proc\p18f2520.asm
                      PCL   0x000ff9       data     extern E:\3.46\pic18-lt\cxx-framework\src\traditional\proc\p18f2520.asm
                   PCLATH   0x000ffa       data     extern E:\3.46\pic18-lt\cxx-framework\src\traditional\proc\p18f2520.asm
                   PCLATU   0x000ffb       data     extern E:\3.46\pic18-lt\cxx-framework\src\traditional\proc\p18f2520.asm
                   STKPTR   0x000ffc       data     extern E:\3.46\pic18-lt\cxx-framework\src\traditional\proc\p18f2520.asm
               STKPTRbits   0x000ffc       data     extern E:\3.46\pic18-lt\cxx-framework\src\traditional\proc\p18f2520.asm
                      TOS   0x000ffd       data     extern E:\3.46\pic18-lt\cxx-framework\src\traditional\proc\p18f2520.asm
                     TOSL   0x000ffd       data     extern E:\3.46\pic18-lt\cxx-framework\src\traditional\proc\p18f2520.asm
                     TOSH   0x000ffe       data     extern E:\3.46\pic18-lt\cxx-framework\src\traditional\proc\p18f2520.asm
                     TOSU   0x000fff       data     extern E:\3.46\pic18-lt\cxx-framework\src\traditional\proc\p18f2520.asm


